Archive member included because of file (symbol)

C:\Users\lucas.oldfield\AppData\Local\arduino15\packages\arduino\hardware\sam\1.6.11\variants\arduino_due_x/libsam_sam3x8e_gcc_rel.a(pio.o)
                              C:\Users\lucas.oldfield\AppData\Local\Temp\VMBuilds\CAN_SendingTest\arduino_due_x_dbg\Release\variant\variant.cpp.o (PIO_Configure)
C:\Users\lucas.oldfield\AppData\Local\arduino15\packages\arduino\hardware\sam\1.6.11\variants\arduino_due_x/libsam_sam3x8e_gcc_rel.a(pmc.o)
                              C:\Users\lucas.oldfield\AppData\Local\Temp\VMBuilds\CAN_SendingTest\arduino_due_x_dbg\Release\due_can\due_can.cpp.o (pmc_enable_periph_clk)
C:\Users\lucas.oldfield\AppData\Local\arduino15\packages\arduino\hardware\sam\1.6.11\variants\arduino_due_x/libsam_sam3x8e_gcc_rel.a(system_sam3xa.o)
                              C:\Users\lucas.oldfield\AppData\Local\Temp\VMBuilds\CAN_SendingTest\arduino_due_x_dbg\Release\variant\variant.cpp.o (SystemInit)
C:\Users\lucas.oldfield\AppData\Local\arduino15\packages\arduino\hardware\sam\1.6.11\variants\arduino_due_x/libsam_sam3x8e_gcc_rel.a(startup_sam3xa.o)
                              (Reset_Handler)
C:\Users\lucas.oldfield\AppData\Local\arduino15\packages\arduino\hardware\sam\1.6.11\variants\arduino_due_x/libsam_sam3x8e_gcc_rel.a(adc.o)
                              C:\Users\lucas.oldfield\AppData\Local\Temp\VMBuilds\CAN_SendingTest\arduino_due_x_dbg\Release\variant\variant.cpp.o (adc_init)
C:\Users\lucas.oldfield\AppData\Local\arduino15\packages\arduino\hardware\sam\1.6.11\variants\arduino_due_x/libsam_sam3x8e_gcc_rel.a(uotghs.o)
                              C:\Users\lucas.oldfield\AppData\Local\arduino15\packages\arduino\hardware\sam\1.6.11\variants\arduino_due_x/libsam_sam3x8e_gcc_rel.a(startup_sam3xa.o) (UOTGHS_Handler)
C:\Users\lucas.oldfield\AppData\Local\Temp\VMBuilds\CAN_SendingTest\arduino_due_x_dbg\Release/core.a(cortex_handlers.c.o)
                              C:\Users\lucas.oldfield\AppData\Local\arduino15\packages\arduino\hardware\sam\1.6.11\variants\arduino_due_x/libsam_sam3x8e_gcc_rel.a(startup_sam3xa.o) (NMI_Handler)
C:\Users\lucas.oldfield\AppData\Local\Temp\VMBuilds\CAN_SendingTest\arduino_due_x_dbg\Release/core.a(hooks.c.o)
                              C:\Users\lucas.oldfield\AppData\Local\Temp\VMBuilds\CAN_SendingTest\arduino_due_x_dbg\Release/core.a(cortex_handlers.c.o) (sysTickHook)
C:\Users\lucas.oldfield\AppData\Local\Temp\VMBuilds\CAN_SendingTest\arduino_due_x_dbg\Release/core.a(syscalls_sam3.c.o)
                              (_sbrk)
C:\Users\lucas.oldfield\AppData\Local\Temp\VMBuilds\CAN_SendingTest\arduino_due_x_dbg\Release/core.a(wiring.c.o)
                              C:\Users\lucas.oldfield\AppData\Local\Temp\VMBuilds\CAN_SendingTest\arduino_due_x_dbg\Release\CAN_SendingTest.cpp.o (millis)
C:\Users\lucas.oldfield\AppData\Local\Temp\VMBuilds\CAN_SendingTest\arduino_due_x_dbg\Release/core.a(wiring_analog.c.o)
                              C:\Users\lucas.oldfield\AppData\Local\Temp\VMBuilds\CAN_SendingTest\arduino_due_x_dbg\Release\variant\variant.cpp.o (analogOutputInit)
C:\Users\lucas.oldfield\AppData\Local\Temp\VMBuilds\CAN_SendingTest\arduino_due_x_dbg\Release/core.a(wiring_digital.c.o)
                              C:\Users\lucas.oldfield\AppData\Local\Temp\VMBuilds\CAN_SendingTest\arduino_due_x_dbg\Release\due_can\due_can.cpp.o (pinMode)
C:\Users\lucas.oldfield\AppData\Local\Temp\VMBuilds\CAN_SendingTest\arduino_due_x_dbg\Release/core.a(main.cpp.o)
                              c:/users/lucas.oldfield/appdata/local/arduino15/packages/arduino/tools/arm-none-eabi-gcc/4.8.3-2014q1/bin/../lib/gcc/arm-none-eabi/4.8.3/../../../../arm-none-eabi/lib/armv7-m/crt0.o (main)
C:\Users\lucas.oldfield\AppData\Local\Temp\VMBuilds\CAN_SendingTest\arduino_due_x_dbg\Release/core.a(Print.cpp.o)
                              C:\Users\lucas.oldfield\AppData\Local\Temp\VMBuilds\CAN_SendingTest\arduino_due_x_dbg\Release\CAN_SendingTest.cpp.o (Print::print(char const*))
C:\Users\lucas.oldfield\AppData\Local\Temp\VMBuilds\CAN_SendingTest\arduino_due_x_dbg\Release/core.a(Reset.cpp.o)
                              C:\Users\lucas.oldfield\AppData\Local\Temp\VMBuilds\CAN_SendingTest\arduino_due_x_dbg\Release/core.a(cortex_handlers.c.o) (tickReset)
C:\Users\lucas.oldfield\AppData\Local\Temp\VMBuilds\CAN_SendingTest\arduino_due_x_dbg\Release/core.a(RingBuffer.cpp.o)
                              C:\Users\lucas.oldfield\AppData\Local\Temp\VMBuilds\CAN_SendingTest\arduino_due_x_dbg\Release\variant\variant.cpp.o (RingBuffer::RingBuffer())
C:\Users\lucas.oldfield\AppData\Local\Temp\VMBuilds\CAN_SendingTest\arduino_due_x_dbg\Release/core.a(UARTClass.cpp.o)
                              C:\Users\lucas.oldfield\AppData\Local\Temp\VMBuilds\CAN_SendingTest\arduino_due_x_dbg\Release\variant\variant.cpp.o (UARTClass::available())
C:\Users\lucas.oldfield\AppData\Local\Temp\VMBuilds\CAN_SendingTest\arduino_due_x_dbg\Release/core.a(USARTClass.cpp.o)
[...]
Memory Configuration

Name             Origin             Length             Attributes
rom              0x00080000         0x00080000         xr
sram0            0x20000000         0x00010000         xrw
sram1            0x20080000         0x00008000         xrw
ram              0x20070000         0x00018000         xrw
*default*        0x00000000         0xffffffff

Linker script and memory map

LOAD c:/users/lucas.oldfield/appdata/local/arduino15/packages/arduino/tools/arm-none-eabi-gcc/4.8.3-2014q1/bin/../lib/gcc/arm-none-eabi/4.8.3/armv7-m/crti.o
LOAD c:/users/lucas.oldfield/appdata/local/arduino15/packages/arduino/tools/arm-none-eabi-gcc/4.8.3-2014q1/bin/../lib/gcc/arm-none-eabi/4.8.3/armv7-m/crtbegin.o
LOAD c:/users/lucas.oldfield/appdata/local/arduino15/packages/arduino/tools/arm-none-eabi-gcc/4.8.3-2014q1/bin/../lib/gcc/arm-none-eabi/4.8.3/../../../../arm-none-eabi/lib/armv7-m/crt0.o
START GROUP
LOAD C:\Users\lucas.oldfield\AppData\Local\Temp\VMBuilds\CAN_SendingTest\arduino_due_x_dbg\Release\CAN_SendingTest.cpp.o
LOAD C:\Users\lucas.oldfield\AppData\Local\Temp\VMBuilds\CAN_SendingTest\arduino_due_x_dbg\Release\due_can\due_can.cpp.o
LOAD C:\Users\lucas.oldfield\AppData\Local\Temp\VMBuilds\CAN_SendingTest\arduino_due_x_dbg\Release\variant\variant.cpp.o
LOAD C:\Users\lucas.oldfield\AppData\Local\arduino15\packages\arduino\hardware\sam\1.6.11\variants\arduino_due_x/libsam_sam3x8e_gcc_rel.a
LOAD C:\Users\lucas.oldfield\AppData\Local\Temp\VMBuilds\CAN_SendingTest\arduino_due_x_dbg\Release/core.a
END GROUP
LOAD c:/users/lucas.oldfield/appdata/local/arduino15/packages/arduino/tools/arm-none-eabi-gcc/4.8.3-2014q1/bin/../lib/gcc/arm-none-eabi/4.8.3/../../../../arm-none-eabi/lib/armv7-m\libm.a
START GROUP
LOAD c:/users/lucas.oldfield/appdata/local/arduino15/packages/arduino/tools/arm-none-eabi-gcc/4.8.3-2014q1/bin/../lib/gcc/arm-none-eabi/4.8.3/armv7-m\libgcc.a
LOAD c:/users/lucas.oldfield/appdata/local/arduino15/packages/arduino/tools/arm-none-eabi-gcc/4.8.3-2014q1/bin/../lib/gcc/arm-none-eabi/4.8.3/../../../../arm-none-eabi/lib/armv7-m\libg.a
LOAD c:/users/lucas.oldfield/appdata/local/arduino15/packages/arduino/tools/arm-none-eabi-gcc/4.8.3-2014q1/bin/../lib/gcc/arm-none-eabi/4.8.3/../../../../arm-none-eabi/lib/armv7-m\libc.a
END GROUP
LOAD c:/users/lucas.oldfield/appdata/local/arduino15/packages/arduino/tools/arm-none-eabi-gcc/4.8.3-2014q1/bin/../lib/gcc/arm-none-eabi/4.8.3/armv7-m/crtend.o
LOAD c:/users/lucas.oldfield/appdata/local/arduino15/packages/arduino/tools/arm-none-eabi-gcc/4.8.3-2014q1/bin/../lib/gcc/arm-none-eabi/4.8.3/armv7-m/crtn.o

.text           0x00080000     0x6198
                0x00080000                . = ALIGN (0x4)
                0x00080000                _sfixed = .
 *(.vectors .vectors.*)
 .vectors       0x00080000       0xf4 C:\Users\lucas.oldfield\AppData\Local\arduino15\packages\arduino\hardware\sam\1.6.11\variants\arduino_due_x/libsam_sam3x8e_gcc_rel.a(startup_sam3xa.o)
                0x00080000                exception_table
 *(.text .text.* .gnu.linkonce.t.*)
 .text          0x000800f4       0x54 c:/users/lucas.oldfield/appdata/local/arduino15/packages/arduino/tools/arm-none-eabi-gcc/4.8.3-2014q1/bin/../lib/gcc/arm-none-eabi/4.8.3/armv7-m/crtbegin.o
 .text._Z8sendDatav
                0x00080148       0x50 C:\Users\lucas.oldfield\AppData\Local\Temp\VMBuilds\CAN_SendingTest\arduino_due_x_dbg\Release\CAN_SendingTest.cpp.o
                0x00080148                sendData()
 .text._Z10printFrameR9CAN_FRAME
                0x00080198       0x74 C:\Users\lucas.oldfield\AppData\Local\Temp\VMBuilds\CAN_SendingTest\arduino_due_x_dbg\Release\CAN_SendingTest.cpp.o
                0x00080198                printFrame(CAN_FRAME&)
 .text.loop     0x0008020c       0xa8 C:\Users\lucas.oldfield\AppData\Local\Temp\VMBuilds\CAN_SendingTest\arduino_due_x_dbg\Release\CAN_SendingTest.cpp.o
                0x0008020c                loop
 .text.setup    0x000802b4       0x8c C:\Users\lucas.oldfield\AppData\Local\Temp\VMBuilds\CAN_SendingTest\arduino_due_x_dbg\Release\CAN_SendingTest.cpp.o
                0x000802b4                setup
 .text._ZN6CANRawC2EP3Canm
                0x00080340       0x22 C:\Users\lucas.oldfield\AppData\Local\Temp\VMBuilds\CAN_SendingTest\arduino_due_x_dbg\Release\due_can\due_can.cpp.o
                0x00080340                CANRaw::CANRaw(Can*, unsigned long)
                0x00080340                CANRaw::CANRaw(Can*, unsigned long)
 *fill*         0x00080362        0x2 
 .text._ZN6CANRaw12set_baudrateEm
                0x00080364       0xcc C:\Users\lucas.oldfield\AppData\Local\Temp\VMBuilds\CAN_SendingTest\arduino_due_x_dbg\Release\due_can\due_can.cpp.o
                0x00080364                CANRaw::set_baudrate(unsigned long)
 .text._ZN6CANRaw6enableEv
                0x00080430       0x1a C:\Users\lucas.oldfield\AppData\Local\Temp\VMBuilds\CAN_SendingTest\arduino_due_x_dbg\Release\due_can\due_can.cpp.o
                0x00080430                CANRaw::enable()
 .text._ZN6CANRaw25mailbox_send_transfer_cmdEh
                0x0008044a       0x1a C:\Users\lucas.oldfield\AppData\Local\Temp\VMBuilds\CAN_SendingTest\arduino_due_x_dbg\Release\due_can\due_can.cpp.o
                0x0008044a                CANRaw::mailbox_send_transfer_cmd(unsigned char)
 .text._ZN6CANRaw12mailbox_initEh
                0x00080464       0x28 C:\Users\lucas.oldfield\AppData\Local\Temp\VMBuilds\CAN_SendingTest\arduino_due_x_dbg\Release\due_can\due_can.cpp.o
                0x00080464                CANRaw::mailbox_init(unsigned char)
 .text._ZN6CANRaw17reset_all_mailboxEv
                0x0008048c       0x16 C:\Users\lucas.oldfield\AppData\Local\Temp\VMBuilds\CAN_SendingTest\arduino_due_x_dbg\Release\due_can\due_can.cpp.o
                0x0008048c                CANRaw::reset_all_mailbox()
 .text._ZN6CANRaw12mailbox_readEhPV9CAN_FRAME
                0x000804a2       0x78 C:\Users\lucas.oldfield\AppData\Local\Temp\VMBuilds\CAN_SendingTest\arduino_due_x_dbg\Release\due_can\due_can.cpp.o
                0x000804a2                CANRaw::mailbox_read(unsigned char, CAN_FRAME volatile*)
 *fill*         0x0008051a        0x2 
 .text._ZN6CANRaw14mailbox_set_idEhmb
                0x0008051c       0x2c C:\Users\lucas.oldfield\AppData\Local\Temp\VMBuilds\CAN_SendingTest\arduino_due_x_dbg\Release\due_can\due_can.cpp.o
                0x0008051c                CANRaw::mailbox_set_id(unsigned char, unsigned long, bool)
 .text._ZN6CANRaw20mailbox_set_priorityEhh
                0x00080548       0x1e C:\Users\lucas.oldfield\AppData\Local\Temp\VMBuilds\CAN_SendingTest\arduino_due_x_dbg\Release\due_can\due_can.cpp.o
                0x00080548                CANRaw::mailbox_set_priority(unsigned char, unsigned char)
 *fill*         0x00080566        0x2 
 .text._ZN6CANRaw23mailbox_set_accept_maskEhmb
                0x00080568       0x48 C:\Users\lucas.oldfield\AppData\Local\Temp\VMBuilds\CAN_SendingTest\arduino_due_x_dbg\Release\due_can\due_can.cpp.o
                0x00080568                CANRaw::mailbox_set_accept_mask(unsigned char, unsigned long, bool)
 .text._ZN6CANRaw16mailbox_set_modeEhh
                0x000805b0       0x24 C:\Users\lucas.oldfield\AppData\Local\Temp\VMBuilds\CAN_SendingTest\arduino_due_x_dbg\Release\due_can\due_can.cpp.o
                0x000805b0                CANRaw::mailbox_set_mode(unsigned char, unsigned char)
 .text._ZN6CANRaw13setNumTXBoxesEi
                0x000805d4       0x7a C:\Users\lucas.oldfield\AppData\Local\Temp\VMBuilds\CAN_SendingTest\arduino_due_x_dbg\Release\due_can\due_can.cpp.o
                0x000805d4                CANRaw::setNumTXBoxes(int)
 *fill*         0x0008064e        0x2 
 .text._ZN6CANRaw4initEm
                0x00080650       0xd8 C:\Users\lucas.oldfield\AppData\Local\Temp\VMBuilds\CAN_SendingTest\arduino_due_x_dbg\Release\due_can\due_can.cpp.o
                0x00080650                CANRaw::init(unsigned long)
 .text._ZN6CANRaw5beginEm
                0x00080728        0x4 C:\Users\lucas.oldfield\AppData\Local\Temp\VMBuilds\CAN_SendingTest\arduino_due_x_dbg\Release\due_can\due_can.cpp.o
                0x00080728                CANRaw::begin(unsigned long)
 .text._ZN6CANRaw20mailbox_set_databyteEhhh
                0x0008072c       0x52 C:\Users\lucas.oldfield\AppData\Local\Temp\VMBuilds\CAN_SendingTest\arduino_due_x_dbg\Release\due_can\due_can.cpp.o
                0x0008072c                CANRaw::mailbox_set_databyte(unsigned char, unsigned char, unsigned char)
 .text._ZN6CANRaw19mailbox_set_datalenEhh
                0x0008077e       0x28 C:\Users\lucas.oldfield\AppData\Local\Temp\VMBuilds\CAN_SendingTest\arduino_due_x_dbg\Release\due_can\due_can.cpp.o
                0x0008077e                CANRaw::mailbox_set_datalen(unsigned char, unsigned char)
 .text._ZN6CANRaw9sendFrameER9CAN_FRAME
                0x000807a6       0xea C:\Users\lucas.oldfield\AppData\Local\Temp\VMBuilds\CAN_SendingTest\arduino_due_x_dbg\Release\due_can\due_can.cpp.o
                0x000807a6                CANRaw::sendFrame(CAN_FRAME&)
 .text._ZN6CANRaw9availableEv
                0x00080890       0x1e C:\Users\lucas.oldfield\AppData\Local\Temp\VMBuilds\CAN_SendingTest\arduino_due_x_dbg\Release\due_can\due_can.cpp.o
                0x00080890                CANRaw::available()
 .text._ZN6CANRaw11get_rx_buffER9CAN_FRAME
                0x000808ae       0x6a C:\Users\lucas.oldfield\AppData\Local\Temp\VMBuilds\CAN_SendingTest\arduino_due_x_dbg\Release\due_can\due_can.cpp.o
                0x000808ae                CANRaw::get_rx_buff(CAN_FRAME&)
 .text._ZN6CANRaw4readER9CAN_FRAME
                0x00080918        0x4 C:\Users\lucas.oldfield\AppData\Local\Temp\VMBuilds\CAN_SendingTest\arduino_due_x_dbg\Release\due_can\due_can.cpp.o
                0x00080918                CANRaw::read(CAN_FRAME&)
 .text._ZN6CANRaw11setRXFilterEhmmb
                0x0008091c       0x3c C:\Users\lucas.oldfield\AppData\Local\Temp\VMBuilds\CAN_SendingTest\arduino_due_x_dbg\Release\due_can\due_can.cpp.o
                0x0008091c                CANRaw::setRXFilter(unsigned char, unsigned long, unsigned long, bool)
 .text._ZN6CANRaw8watchForEv
                0x00080958       0x32 C:\Users\lucas.oldfield\AppData\Local\Temp\VMBuilds\CAN_SendingTest\arduino_due_x_dbg\Release\due_can\due_can.cpp.o
                0x00080958                CANRaw::watchFor()
 .text._ZN6CANRaw19mailbox_int_handlerEhm
                0x0008098a      0x18a C:\Users\lucas.oldfield\AppData\Local\Temp\VMBuilds\CAN_SendingTest\arduino_due_x_dbg\Release\due_can\due_can.cpp.o
                0x0008098a                CANRaw::mailbox_int_handler(unsigned char, unsigned long)
 .text._ZN6CANRaw16interruptHandlerEv
                0x00080b14       0x7c C:\Users\lucas.oldfield\AppData\Local\Temp\VMBuilds\CAN_SendingTest\arduino_due_x_dbg\Release\due_can\due_can.cpp.o
                0x00080b14                CANRaw::interruptHandler()
 .text.CAN0_Handler
                0x00080b90        0xc C:\Users\lucas.oldfield\AppData\Local\Temp\VMBuilds\CAN_SendingTest\arduino_due_x_dbg\Release\due_can\due_can.cpp.o
                0x00080b90                CAN0_Handler
 .text.CAN1_Handler
                0x00080b9c        0xc C:\Users\lucas.oldfield\AppData\Local\Temp\VMBuilds\CAN_SendingTest\arduino_due_x_dbg\Release\due_can\due_can.cpp.o
                0x00080b9c                CAN1_Handler
 .text.startup._GLOBAL__sub_I__ZN6CANRawC2EP3Canm
                0x00080ba8       0x2c C:\Users\lucas.oldfield\AppData\Local\Temp\VMBuilds\CAN_SendingTest\arduino_due_x_dbg\Release\due_can\due_can.cpp.o
 .text._Z11serialEventv
                0x00080bd4        0x2 C:\Users\lucas.oldfield\AppData\Local\Temp\VMBuilds\CAN_SendingTest\arduino_due_x_dbg\Release\variant\variant.cpp.o
                0x00080bd4                serialEvent()
 *fill*         0x00080bd6        0x2 
 .text.UART_Handler
                0x00080bd8        0xc C:\Users\lucas.oldfield\AppData\Local\Temp\VMBuilds\CAN_SendingTest\arduino_due_x_dbg\Release\variant\variant.cpp.o
                0x00080bd8                UART_Handler
 .text._Z12serialEvent1v
                0x00080be4        0x2 C:\Users\lucas.oldfield\AppData\Local\Temp\VMBuilds\CAN_SendingTest\arduino_due_x_dbg\Release\variant\variant.cpp.o
                0x00080be4                serialEvent1()
 .text._Z12serialEvent2v
                0x00080be6        0x2 C:\Users\lucas.oldfield\AppData\Local\Temp\VMBuilds\CAN_SendingTest\arduino_due_x_dbg\Release\variant\variant.cpp.o
                0x00080be6                serialEvent2()
 .text._Z12serialEvent3v
                0x00080be8        0x2 C:\Users\lucas.oldfield\AppData\Local\Temp\VMBuilds\CAN_SendingTest\arduino_due_x_dbg\Release\variant\variant.cpp.o
                0x00080be8                serialEvent3()
 *fill*         0x00080bea        0x2 
 .text.USART0_Handler
                0x00080bec        0xc C:\Users\lucas.oldfield\AppData\Local\Temp\VMBuilds\CAN_SendingTest\arduino_due_x_dbg\Release\variant\variant.cpp.o
                0x00080bec                USART0_Handler
 .text.USART1_Handler
                0x00080bf8        0xc C:\Users\lucas.oldfield\AppData\Local\Temp\VMBuilds\CAN_SendingTest\arduino_due_x_dbg\Release\variant\variant.cpp.o
                0x00080bf8                USART1_Handler
 .text.USART3_Handler
                0x00080c04        0xc C:\Users\lucas.oldfield\AppData\Local\Temp\VMBuilds\CAN_SendingTest\arduino_due_x_dbg\Release\variant\variant.cpp.o
                0x00080c04                USART3_Handler
 .text.init     0x00080c10      0x128 C:\Users\lucas.oldfield\AppData\Local\Temp\VMBuilds\CAN_SendingTest\arduino_due_x_dbg\Release\variant\variant.cpp.o
                0x00080c10                init
 .text.startup._GLOBAL__sub_I_g_APinDescription
                0x00080d38       0xd4 C:\Users\lucas.oldfield\AppData\Local\Temp\VMBuilds\CAN_SendingTest\arduino_due_x_dbg\Release\variant\variant.cpp.o
 .text._Z14serialEventRunv
                0x00080e0c       0x44 C:\Users\lucas.oldfield\AppData\Local\Temp\VMBuilds\CAN_SendingTest\arduino_due_x_dbg\Release\variant\variant.cpp.o
                0x00080e0c                serialEventRun()
 .text.PIO_PullUp
                0x00080e50        0xa C:\Users\lucas.oldfield\AppData\Local\arduino15\packages\arduino\hardware\sam\1.6.11\variants\arduino_due_x/libsam_sam3x8e_gcc_rel.a(pio.o)
                0x00080e50                PIO_PullUp
 .text.PIO_SetPeripheral
                0x00080e5a       0x26 C:\Users\lucas.oldfield\AppData\Local\arduino15\packages\arduino\hardware\sam\1.6.11\variants\arduino_due_x/libsam_sam3x8e_gcc_rel.a(pio.o)
                0x00080e5a                PIO_SetPeripheral
 .text.PIO_SetInput
                0x00080e80       0x26 C:\Users\lucas.oldfield\AppData\Local\arduino15\packages\arduino\hardware\sam\1.6.11\variants\arduino_due_x/libsam_sam3x8e_gcc_rel.a(pio.o)
                0x00080e80                PIO_SetInput
 .text.PIO_SetOutput
                0x00080ea6       0x24 C:\Users\lucas.oldfield\AppData\Local\arduino15\packages\arduino\hardware\sam\1.6.11\variants\arduino_due_x/libsam_sam3x8e_gcc_rel.a(pio.o)
                0x00080ea6                PIO_SetOutput
 *fill*         0x00080eca        0x2 
 .text.PIO_Configure
                0x00080ecc       0x64 C:\Users\lucas.oldfield\AppData\Local\arduino15\packages\arduino\hardware\sam\1.6.11\variants\arduino_due_x/libsam_sam3x8e_gcc_rel.a(pio.o)
                0x00080ecc                PIO_Configure
 .text.PIO_GetOutputDataStatus
                0x00080f30       0x14 C:\Users\lucas.oldfield\AppData\Local\arduino15\packages\arduino\hardware\sam\1.6.11\variants\arduino_due_x/libsam_sam3x8e_gcc_rel.a(pio.o)
                0x00080f30                PIO_GetOutputDataStatus
 .text.pmc_enable_upll_clock
                0x00080f44       0x14 C:\Users\lucas.oldfield\AppData\Local\arduino15\packages\arduino\hardware\sam\1.6.11\variants\arduino_due_x/libsam_sam3x8e_gcc_rel.a(pmc.o)
                0x00080f44                pmc_enable_upll_clock
 .text.pmc_enable_periph_clk
                0x00080f58       0x44 C:\Users\lucas.oldfield\AppData\Local\arduino15\packages\arduino\hardware\sam\1.6.11\variants\arduino_due_x/libsam_sam3x8e_gcc_rel.a(pmc.o)
                0x00080f58                pmc_enable_periph_clk
 .text.pmc_disable_periph_clk
                0x00080f9c       0x40 C:\Users\lucas.oldfield\AppData\Local\arduino15\packages\arduino\hardware\sam\1.6.11\variants\arduino_due_x/libsam_sam3x8e_gcc_rel.a(pmc.o)
                0x00080f9c                pmc_disable_periph_clk
 .text.pmc_switch_udpck_to_upllck
                0x00080fdc       0x14 C:\Users\lucas.oldfield\AppData\Local\arduino15\packages\arduino\hardware\sam\1.6.11\variants\arduino_due_x/libsam_sam3x8e_gcc_rel.a(pmc.o)
                0x00080fdc                pmc_switch_udpck_to_upllck
 .text.pmc_enable_udpck
                0x00080ff0        0xc C:\Users\lucas.oldfield\AppData\Local\arduino15\packages\arduino\hardware\sam\1.6.11\variants\arduino_due_x/libsam_sam3x8e_gcc_rel.a(pmc.o)
                0x00080ff0                pmc_enable_udpck
 .text.SystemInit
                0x00080ffc       0x88 C:\Users\lucas.oldfield\AppData\Local\arduino15\packages\arduino\hardware\sam\1.6.11\variants\arduino_due_x/libsam_sam3x8e_gcc_rel.a(system_sam3xa.o)
                0x00080ffc                SystemInit
 .text.Reset_Handler
                0x00081084       0x78 C:\Users\lucas.oldfield\AppData\Local\arduino15\packages\arduino\hardware\sam\1.6.11\variants\arduino_due_x/libsam_sam3x8e_gcc_rel.a(startup_sam3xa.o)
                0x00081084                Reset_Handler
 .text.adc_init
                0x000810fc       0x98 C:\Users\lucas.oldfield\AppData\Local\arduino15\packages\arduino\hardware\sam\1.6.11\variants\arduino_due_x/libsam_sam3x8e_gcc_rel.a(adc.o)
                0x000810fc                adc_init
 .text.adc_configure_trigger
                0x00081194        0xe C:\Users\lucas.oldfield\AppData\Local\arduino15\packages\arduino\hardware\sam\1.6.11\variants\arduino_due_x/libsam_sam3x8e_gcc_rel.a(adc.o)
                0x00081194                adc_configure_trigger
 .text.adc_configure_timing
                0x000811a2       0x1a C:\Users\lucas.oldfield\AppData\Local\arduino15\packages\arduino\hardware\sam\1.6.11\variants\arduino_due_x/libsam_sam3x8e_gcc_rel.a(adc.o)
                0x000811a2                adc_configure_timing
 .text.adc_disable_channel
                0x000811bc        0xa C:\Users\lucas.oldfield\AppData\Local\arduino15\packages\arduino\hardware\sam\1.6.11\variants\arduino_due_x/libsam_sam3x8e_gcc_rel.a(adc.o)
                0x000811bc                adc_disable_channel
 .text.adc_disable_all_channel
                0x000811c6        0x8 C:\Users\lucas.oldfield\AppData\Local\arduino15\packages\arduino\hardware\sam\1.6.11\variants\arduino_due_x/libsam_sam3x8e_gcc_rel.a(adc.o)
                0x000811c6                adc_disable_all_channel
 .text.adc_disable_interrupt
                0x000811ce        0x4 C:\Users\lucas.oldfield\AppData\Local\arduino15\packages\arduino\hardware\sam\1.6.11\variants\arduino_due_x/libsam_sam3x8e_gcc_rel.a(adc.o)
                0x000811ce                adc_disable_interrupt
 *fill*         0x000811d2        0x2 
 .text.UOTGHS_Handler
                0x000811d4       0x10 C:\Users\lucas.oldfield\AppData\Local\arduino15\packages\arduino\hardware\sam\1.6.11\variants\arduino_due_x/libsam_sam3x8e_gcc_rel.a(uotghs.o)
                0x000811d4                UOTGHS_Handler
 .text.__halt   0x000811e4        0x2 C:\Users\lucas.oldfield\AppData\Local\Temp\VMBuilds\CAN_SendingTest\arduino_due_x_dbg\Release/core.a(cortex_handlers.c.o)
                0x000811e4                DACC_Handler
                0x000811e4                DebugMon_Handler
                0x000811e4                DMAC_Handler
                0x000811e4                TRNG_Handler
                0x000811e4                HardFault_Handler
                0x000811e4                TC2_Handler
                0x000811e4                TWI1_Handler
                0x000811e4                NMI_Handler
                0x000811e4                TC7_Handler
                0x000811e4                ADC_Handler
                0x000811e4                SMC_Handler
                0x000811e4                RTT_Handler
                0x000811e4                EFC1_Handler
                0x000811e4                PIOB_Handler
                0x000811e4                RTC_Handler
                0x000811e4                UsageFault_Handler
                0x000811e4                TC6_Handler
                0x000811e4                WDT_Handler
                0x000811e4                TC4_Handler
                0x000811e4                TC1_Handler
                0x000811e4                HSMCI_Handler
                0x000811e4                TC3_Handler
                0x000811e4                TWI0_Handler
                0x000811e4                PIOA_Handler
                0x000811e4                SSC_Handler
                0x000811e4                EFC0_Handler
                0x000811e4                PMC_Handler
                0x000811e4                PWM_Handler
                0x000811e4                MemManage_Handler
                0x000811e4                SUPC_Handler
                0x000811e4                TC8_Handler
                0x000811e4                USART2_Handler
                0x000811e4                PIOD_Handler
                0x000811e4                EMAC_Handler
                0x000811e4                PIOC_Handler
                0x000811e4                BusFault_Handler
                0x000811e4                RSTC_Handler
                0x000811e4                TC0_Handler
                0x000811e4                TC5_Handler
                0x000811e4                SPI0_Handler
 .text.SVC_Handler
                0x000811e6        0x4 C:\Users\lucas.oldfield\AppData\Local\Temp\VMBuilds\CAN_SendingTest\arduino_due_x_dbg\Release/core.a(cortex_handlers.c.o)
                0x000811e6                SVC_Handler
 .text.PendSV_Handler
                0x000811ea        0x4 C:\Users\lucas.oldfield\AppData\Local\Temp\VMBuilds\CAN_SendingTest\arduino_due_x_dbg\Release/core.a(cortex_handlers.c.o)
                0x000811ea                PendSV_Handler
 .text.SysTick_Handler
                0x000811ee       0x16 C:\Users\lucas.oldfield\AppData\Local\Temp\VMBuilds\CAN_SendingTest\arduino_due_x_dbg\Release/core.a(cortex_handlers.c.o)
                0x000811ee                SysTick_Handler
 .text.__empty  0x00081204        0x2 C:\Users\lucas.oldfield\AppData\Local\Temp\VMBuilds\CAN_SendingTest\arduino_due_x_dbg\Release/core.a(hooks.c.o)
                0x00081204                yield
 .text.__false  0x00081206        0x4 C:\Users\lucas.oldfield\AppData\Local\Temp\VMBuilds\CAN_SendingTest\arduino_due_x_dbg\Release/core.a(hooks.c.o)
                0x00081206                sysTickHook
 .text.__halt   0x0008120a        0x2 C:\Users\lucas.oldfield\AppData\Local\Temp\VMBuilds\CAN_SendingTest\arduino_due_x_dbg\Release/core.a(hooks.c.o)
                0x0008120a                svcHook
                0x0008120a                pendSVHook
 .text._sbrk    0x0008120c       0x1c C:\Users\lucas.oldfield\AppData\Local\Temp\VMBuilds\CAN_SendingTest\arduino_due_x_dbg\Release/core.a(syscalls_sam3.c.o)
                0x0008120c                _sbrk
 .text.link     0x00081228        0x6 C:\Users\lucas.oldfield\AppData\Local\Temp\VMBuilds\CAN_SendingTest\arduino_due_x_dbg\Release/core.a(syscalls_sam3.c.o)
                0x00081228                link
 .text._close   0x0008122e        0x6 C:\Users\lucas.oldfield\AppData\Local\Temp\VMBuilds\CAN_SendingTest\arduino_due_x_dbg\Release/core.a(syscalls_sam3.c.o)
                0x0008122e                _close
 .text._fstat   0x00081234        0xa C:\Users\lucas.oldfield\AppData\Local\Temp\VMBuilds\CAN_SendingTest\arduino_due_x_dbg\Release/core.a(syscalls_sam3.c.o)
                0x00081234                _fstat
 .text._isatty  0x0008123e        0x4 C:\Users\lucas.oldfield\AppData\Local\Temp\VMBuilds\CAN_SendingTest\arduino_due_x_dbg\Release/core.a(syscalls_sam3.c.o)
                0x0008123e                _isatty
 .text._lseek   0x00081242        0x4 C:\Users\lucas.oldfield\AppData\Local\Temp\VMBuilds\CAN_SendingTest\arduino_due_x_dbg\Release/core.a(syscalls_sam3.c.o)
                0x00081242                _lseek
 .text._read    0x00081246        0x4 C:\Users\lucas.oldfield\AppData\Local\Temp\VMBuilds\CAN_SendingTest\arduino_due_x_dbg\Release/core.a(syscalls_sam3.c.o)
                0x00081246                _read
 *fill*         0x0008124a        0x2 
 .text._write   0x0008124c       0x24 C:\Users\lucas.oldfield\AppData\Local\Temp\VMBuilds\CAN_SendingTest\arduino_due_x_dbg\Release/core.a(syscalls_sam3.c.o)
                0x0008124c                _write
 .text._exit    0x00081270       0x10 C:\Users\lucas.oldfield\AppData\Local\Temp\VMBuilds\CAN_SendingTest\arduino_due_x_dbg\Release/core.a(syscalls_sam3.c.o)
                0x00081270                _exit
 .text._kill    0x00081280        0x2 C:\Users\lucas.oldfield\AppData\Local\Temp\VMBuilds\CAN_SendingTest\arduino_due_x_dbg\Release/core.a(syscalls_sam3.c.o)
                0x00081280                _kill
 .text._getpid  0x00081282        0x6 C:\Users\lucas.oldfield\AppData\Local\Temp\VMBuilds\CAN_SendingTest\arduino_due_x_dbg\Release/core.a(syscalls_sam3.c.o)
                0x00081282                _getpid
 .text.millis   0x00081288        0x4 C:\Users\lucas.oldfield\AppData\Local\Temp\VMBuilds\CAN_SendingTest\arduino_due_x_dbg\Release/core.a(wiring.c.o)
                0x00081288                millis
 .text.delay    0x0008128c       0x1c C:\Users\lucas.oldfield\AppData\Local\Temp\VMBuilds\CAN_SendingTest\arduino_due_x_dbg\Release/core.a(wiring.c.o)
                0x0008128c                delay
 .text.analogOutputInit
                0x000812a8        0x2 C:\Users\lucas.oldfield\AppData\Local\Temp\VMBuilds\CAN_SendingTest\arduino_due_x_dbg\Release/core.a(wiring_analog.c.o)
                0x000812a8                analogOutputInit
 *fill*         0x000812aa        0x2 
 .text.pinMode  0x000812ac      0x108 C:\Users\lucas.oldfield\AppData\Local\Temp\VMBuilds\CAN_SendingTest\arduino_due_x_dbg\Release/core.a(wiring_digital.c.o)
                0x000812ac                pinMode
 .text.digitalWrite
                0x000813b4       0x70 C:\Users\lucas.oldfield\AppData\Local\Temp\VMBuilds\CAN_SendingTest\arduino_due_x_dbg\Release/core.a(wiring_digital.c.o)
                0x000813b4                digitalWrite
 .text.initVariant
                0x00081424        0x2 C:\Users\lucas.oldfield\AppData\Local\Temp\VMBuilds\CAN_SendingTest\arduino_due_x_dbg\Release/core.a(main.cpp.o)
                0x00081424                initVariant
 *fill*         0x00081426        0x2 
 .text.startup.main
                0x00081428       0x38 C:\Users\lucas.oldfield\AppData\Local\Temp\VMBuilds\CAN_SendingTest\arduino_due_x_dbg\Release/core.a(main.cpp.o)
                0x00081428                main
 .text._ZN5Print5writeEPKhj
                0x00081460       0x22 C:\Users\lucas.oldfield\AppData\Local\Temp\VMBuilds\CAN_SendingTest\arduino_due_x_dbg\Release/core.a(Print.cpp.o)
                0x00081460                Print::write(unsigned char const*, unsigned int)
 .text._ZN5Print5printEmi.part.3
                0x00081482        0xc C:\Users\lucas.oldfield\AppData\Local\Temp\VMBuilds\CAN_SendingTest\arduino_due_x_dbg\Release/core.a(Print.cpp.o)
 .text._ZN5Print5writeEPKc
                0x0008148e       0x1e C:\Users\lucas.oldfield\AppData\Local\Temp\VMBuilds\CAN_SendingTest\arduino_due_x_dbg\Release/core.a(Print.cpp.o)
                0x0008148e                Print::write(char const*)
 .text._ZN5Print5printEPKc
                0x000814ac        0x8 C:\Users\lucas.oldfield\AppData\Local\Temp\VMBuilds\CAN_SendingTest\arduino_due_x_dbg\Release/core.a(Print.cpp.o)
                0x000814ac                Print::print(char const*)
 .text._ZN5Print7printlnEv
                0x000814b4       0x10 C:\Users\lucas.oldfield\AppData\Local\Temp\VMBuilds\CAN_SendingTest\arduino_due_x_dbg\Release/core.a(Print.cpp.o)
                0x000814b4                Print::println()
 .text._ZN5Print7printlnEPKc
                0x000814c4       0x14 C:\Users\lucas.oldfield\AppData\Local\Temp\VMBuilds\CAN_SendingTest\arduino_due_x_dbg\Release/core.a(Print.cpp.o)
                0x000814c4                Print::println(char const*)
 .text._ZN5Print11printNumberEmh
                0x000814d8       0x3e C:\Users\lucas.oldfield\AppData\Local\Temp\VMBuilds\CAN_SendingTest\arduino_due_x_dbg\Release/core.a(Print.cpp.o)
                0x000814d8                Print::printNumber(unsigned long, unsigned char)
 .text._ZN5Print5printEmi
                0x00081516        0xc C:\Users\lucas.oldfield\AppData\Local\Temp\VMBuilds\CAN_SendingTest\arduino_due_x_dbg\Release/core.a(Print.cpp.o)
                0x00081516                Print::print(unsigned long, int)
 .text._ZN5Print5printEhi
                0x00081522        0x4 C:\Users\lucas.oldfield\AppData\Local\Temp\VMBuilds\CAN_SendingTest\arduino_due_x_dbg\Release/core.a(Print.cpp.o)
                0x00081522                Print::print(unsigned char, int)
 .text._ZN5Print7printlnEmi
                0x00081526       0x14 C:\Users\lucas.oldfield\AppData\Local\Temp\VMBuilds\CAN_SendingTest\arduino_due_x_dbg\Release/core.a(Print.cpp.o)
                0x00081526                Print::println(unsigned long, int)
 *fill*         0x0008153a        0x2 
 .text.initiateReset
                0x0008153c        0xc C:\Users\lucas.oldfield\AppData\Local\Temp\VMBuilds\CAN_SendingTest\arduino_due_x_dbg\Release/core.a(Reset.cpp.o)
                0x0008153c                initiateReset
 .text.cancelReset
                0x00081548       0x10 C:\Users\lucas.oldfield\AppData\Local\Temp\VMBuilds\CAN_SendingTest\arduino_due_x_dbg\Release/core.a(Reset.cpp.o)
                0x00081548                cancelReset
 .text.tickReset
                0x00081558       0x20 C:\Users\lucas.oldfield\AppData\Local\Temp\VMBuilds\CAN_SendingTest\arduino_due_x_dbg\Release/core.a(Reset.cpp.o)
                0x00081558                tickReset
 .text._ZN10RingBufferC2Ev
                0x00081578       0x1a C:\Users\lucas.oldfield\AppData\Local\Temp\VMBuilds\CAN_SendingTest\arduino_due_x_dbg\Release/core.a(RingBuffer.cpp.o)
                0x00081578                RingBuffer::RingBuffer()
                0x00081578                RingBuffer::RingBuffer()
 .text._ZN10RingBuffer10store_charEh
                0x00081592       0x1e C:\Users\lucas.oldfield\AppData\Local\Temp\VMBuilds\CAN_SendingTest\arduino_due_x_dbg\Release/core.a(RingBuffer.cpp.o)
                0x00081592                RingBuffer::store_char(unsigned char)
 .text._ZN9UARTClasscvbEv
                0x000815b0        0x4 C:\Users\lucas.oldfield\AppData\Local\Temp\VMBuilds\CAN_SendingTest\arduino_due_x_dbg\Release/core.a(UARTClass.cpp.o)
                0x000815b0                UARTClass::operator bool()
 .text._ZN9UARTClass9availableEv
                0x000815b4       0x12 C:\Users\lucas.oldfield\AppData\Local\Temp\VMBuilds\CAN_SendingTest\arduino_due_x_dbg\Release/core.a(UARTClass.cpp.o)
                0x000815b4                UARTClass::available()
 .text._ZN9UARTClass4peekEv
                0x000815c6       0x1c C:\Users\lucas.oldfield\AppData\Local\Temp\VMBuilds\CAN_SendingTest\arduino_due_x_dbg\Release/core.a(UARTClass.cpp.o)
                0x000815c6                UARTClass::peek()
 .text._ZN9UARTClass4readEv
                0x000815e2       0x2a C:\Users\lucas.oldfield\AppData\Local\Temp\VMBuilds\CAN_SendingTest\arduino_due_x_dbg\Release/core.a(UARTClass.cpp.o)
                0x000815e2                UARTClass::read()
 .text._ZN9UARTClass5flushEv
                0x0008160c       0x18 C:\Users\lucas.oldfield\AppData\Local\Temp\VMBuilds\CAN_SendingTest\arduino_due_x_dbg\Release/core.a(UARTClass.cpp.o)
                0x0008160c                UARTClass::flush()
 .text._ZN9UARTClass5writeEh
                0x00081624       0x54 C:\Users\lucas.oldfield\AppData\Local\Temp\VMBuilds\CAN_SendingTest\arduino_due_x_dbg\Release/core.a(UARTClass.cpp.o)
                0x00081624                UARTClass::write(unsigned char)
 .text._ZN9UARTClass3endEv
                0x00081678       0x3c C:\Users\lucas.oldfield\AppData\Local\Temp\VMBuilds\CAN_SendingTest\arduino_due_x_dbg\Release/core.a(UARTClass.cpp.o)
                0x00081678                UARTClass::end()
 .text._ZN9UARTClassC2EP4Uart4IRQnmP10RingBufferS4_
                0x000816b4       0x24 C:\Users\lucas.oldfield\AppData\Local\Temp\VMBuilds\CAN_SendingTest\arduino_due_x_dbg\Release/core.a(UARTClass.cpp.o)
                0x000816b4                UARTClass::UARTClass(Uart*, IRQn, unsigned long, RingBuffer*, RingBuffer*)
                0x000816b4                UARTClass::UARTClass(Uart*, IRQn, unsigned long, RingBuffer*, RingBuffer*)
 .text._ZN9UARTClass4initEmm
                0x000816d8       0x70 C:\Users\lucas.oldfield\AppData\Local\Temp\VMBuilds\CAN_SendingTest\arduino_due_x_dbg\Release/core.a(UARTClass.cpp.o)
                0x000816d8                UARTClass::init(unsigned long, unsigned long)
 .text._ZN9UARTClass5beginEm
                0x00081748        0x8 C:\Users\lucas.oldfield\AppData\Local\Temp\VMBuilds\CAN_SendingTest\arduino_due_x_dbg\Release/core.a(UARTClass.cpp.o)
                0x00081748                UARTClass::begin(unsigned long)
 .text._ZN9UARTClass10IrqHandlerEv
                0x00081750       0x5a C:\Users\lucas.oldfield\AppData\Local\Temp\VMBuilds\CAN_SendingTest\arduino_due_x_dbg\Release/core.a(UARTClass.cpp.o)
                0x00081750                UARTClass::IrqHandler()
 .text._ZN10USARTClass5beginEm
                0x000817aa        0x8 C:\Users\lucas.oldfield\AppData\Local\Temp\VMBuilds\CAN_SendingTest\arduino_due_x_dbg\Release/core.a(USARTClass.cpp.o)
                0x000817aa                USARTClass::begin(unsigned long)
 *fill*         0x000817b2        0x2 
 .text._ZN10USARTClassC2EP5Usart4IRQnmP10RingBufferS4_
                0x000817b4       0x24 C:\Users\lucas.oldfield\AppData\Local\Temp\VMBuilds\CAN_SendingTest\arduino_due_x_dbg\Release/core.a(USARTClass.cpp.o)
                0x000817b4                USARTClass::USARTClass(Usart*, IRQn, unsigned long, RingBuffer*, RingBuffer*)
                0x000817b4                USARTClass::USARTClass(Usart*, IRQn, unsigned long, RingBuffer*, RingBuffer*)
 .text._watchdogDefaultSetup
                0x000817d8        0xc C:\Users\lucas.oldfield\AppData\Local\Temp\VMBuilds\CAN_SendingTest\arduino_due_x_dbg\Release/core.a(watchdog.cpp.o)
                0x000817d8                _watchdogDefaultSetup
                0x000817d8                watchdogSetup()
 .text.unlikely._ZL11USB_SendZlpv
                0x000817e4       0x20 C:\Users\lucas.oldfield\AppData\Local\Temp\VMBuilds\CAN_SendingTest\arduino_due_x_dbg\Release/core.a(USBCore.cpp.o)
 .text._Z14USBD_Availablem
                0x00081804       0x2c C:\Users\lucas.oldfield\AppData\Local\Temp\VMBuilds\CAN_SendingTest\arduino_due_x_dbg\Release/core.a(USBCore.cpp.o)
                0x00081804                USBD_Available(unsigned long)
 .text._Z9USBD_RecvmPvm
                0x00081830       0x7c C:\Users\lucas.oldfield\AppData\Local\Temp\VMBuilds\CAN_SendingTest\arduino_due_x_dbg\Release/core.a(USBCore.cpp.o)
                0x00081830                USBD_Recv(unsigned long, void*, unsigned long)
 .text._Z9USBD_Recvm
                0x000818ac       0x22 C:\Users\lucas.oldfield\AppData\Local\Temp\VMBuilds\CAN_SendingTest\arduino_due_x_dbg\Release/core.a(USBCore.cpp.o)
                0x000818ac                USBD_Recv(unsigned long)
 *fill*         0x000818ce        0x2 
 .text._Z9USBD_SendmPKvm
                0x000818d0       0x4c C:\Users\lucas.oldfield\AppData\Local\Temp\VMBuilds\CAN_SendingTest\arduino_due_x_dbg\Release/core.a(USBCore.cpp.o)
                0x000818d0                USBD_Send(unsigned long, void const*, unsigned long)
 .text._Z16USBD_SendControlhPKvm
                0x0008191c       0x40 C:\Users\lucas.oldfield\AppData\Local\Temp\VMBuilds\CAN_SendingTest\arduino_due_x_dbg\Release/core.a(USBCore.cpp.o)
                0x0008191c                USBD_SendControl(unsigned char, void const*, unsigned long)
 .text.unlikely._ZL24USB_SendStringDescriptorPKhi
                0x0008195c       0x64 C:\Users\lucas.oldfield\AppData\Local\Temp\VMBuilds\CAN_SendingTest\arduino_due_x_dbg\Release/core.a(USBCore.cpp.o)
 .text._Z16USBD_RecvControlPvm
                0x000819c0       0x1c C:\Users\lucas.oldfield\AppData\Local\Temp\VMBuilds\CAN_SendingTest\arduino_due_x_dbg\Release/core.a(USBCore.cpp.o)
                0x000819c0                USBD_RecvControl(void*, unsigned long)
 .text._Z26USBD_ClassInterfaceRequestR8USBSetup
                0x000819dc       0x1e C:\Users\lucas.oldfield\AppData\Local\Temp\VMBuilds\CAN_SendingTest\arduino_due_x_dbg\Release/core.a(USBCore.cpp.o)
                0x000819dc                USBD_ClassInterfaceRequest(USBSetup&)
 .text._Z19USBD_SendInterfacesv
                0x000819fa       0x22 C:\Users\lucas.oldfield\AppData\Local\Temp\VMBuilds\CAN_SendingTest\arduino_due_x_dbg\Release/core.a(USBCore.cpp.o)
                0x000819fa                USBD_SendInterfaces()
 .text._Z24USBD_SendOtherInterfacesv
                0x00081a1c       0x22 C:\Users\lucas.oldfield\AppData\Local\Temp\VMBuilds\CAN_SendingTest\arduino_due_x_dbg\Release/core.a(USBCore.cpp.o)
                0x00081a1c                USBD_SendOtherInterfaces()
 .text._Z10USBD_Flushm
                0x00081a3e       0x16 C:\Users\lucas.oldfield\AppData\Local\Temp\VMBuilds\CAN_SendingTest\arduino_due_x_dbg\Release/core.a(USBCore.cpp.o)
                0x00081a3e                USBD_Flush(unsigned long)
 .text._ZN10USBDevice_C2Ev
                0x00081a54       0x24 C:\Users\lucas.oldfield\AppData\Local\Temp\VMBuilds\CAN_SendingTest\arduino_due_x_dbg\Release/core.a(USBCore.cpp.o)
                0x00081a54                USBDevice_::USBDevice_()
                0x00081a54                USBDevice_::USBDevice_()
 .text._ZN10USBDevice_6attachEv
                0x00081a78       0x20 C:\Users\lucas.oldfield\AppData\Local\Temp\VMBuilds\CAN_SendingTest\arduino_due_x_dbg\Release/core.a(USBCore.cpp.o)
                0x00081a78                USBDevice_::attach()
 .text.startup._GLOBAL__sub_I_EndPoints
                0x00081a98        0xc C:\Users\lucas.oldfield\AppData\Local\Temp\VMBuilds\CAN_SendingTest\arduino_due_x_dbg\Release/core.a(USBCore.cpp.o)
 .text._ZL7USB_ISRv
                0x00081aa4      0x454 C:\Users\lucas.oldfield\AppData\Local\Temp\VMBuilds\CAN_SendingTest\arduino_due_x_dbg\Release/core.a(USBCore.cpp.o)
 .text._ZN7Serial_9availableEv
                0x00081ef8       0x18 C:\Users\lucas.oldfield\AppData\Local\Temp\VMBuilds\CAN_SendingTest\arduino_due_x_dbg\Release/core.a(CDC.cpp.o)
                0x00081ef8                Serial_::available()
 .text._ZN7Serial_17availableForWriteEv
                0x00081f10        0x6 C:\Users\lucas.oldfield\AppData\Local\Temp\VMBuilds\CAN_SendingTest\arduino_due_x_dbg\Release/core.a(CDC.cpp.o)
                0x00081f10                Serial_::availableForWrite()
 *fill*         0x00081f16        0x2 
 .text._ZN7Serial_4peekEv
                0x00081f18       0x20 C:\Users\lucas.oldfield\AppData\Local\Temp\VMBuilds\CAN_SendingTest\arduino_due_x_dbg\Release/core.a(CDC.cpp.o)
                0x00081f18                Serial_::peek()
 .text._ZN7Serial_5writeEh
                0x00081f38       0x16 C:\Users\lucas.oldfield\AppData\Local\Temp\VMBuilds\CAN_SendingTest\arduino_due_x_dbg\Release/core.a(CDC.cpp.o)
                0x00081f38                Serial_::write(unsigned char)
 *fill*         0x00081f4e        0x2 
 .text._ZN7Serial_4readEv
                0x00081f50       0x44 C:\Users\lucas.oldfield\AppData\Local\Temp\VMBuilds\CAN_SendingTest\arduino_due_x_dbg\Release/core.a(CDC.cpp.o)
                0x00081f50                Serial_::read()
 .text._ZN7Serial_5flushEv
                0x00081f94        0x6 C:\Users\lucas.oldfield\AppData\Local\Temp\VMBuilds\CAN_SendingTest\arduino_due_x_dbg\Release/core.a(CDC.cpp.o)
                0x00081f94                Serial_::flush()
 *fill*         0x00081f9a        0x2 
 .text._ZN7Serial_6acceptEv
                0x00081f9c       0x70 C:\Users\lucas.oldfield\AppData\Local\Temp\VMBuilds\CAN_SendingTest\arduino_due_x_dbg\Release/core.a(CDC.cpp.o)
                0x00081f9c                Serial_::accept()
 .text._ZN7Serial_5writeEPKhj
                0x0008200c       0x2c C:\Users\lucas.oldfield\AppData\Local\Temp\VMBuilds\CAN_SendingTest\arduino_due_x_dbg\Release/core.a(CDC.cpp.o)
                0x0008200c                Serial_::write(unsigned char const*, unsigned int)
 .text._Z16CDC_GetInterfacePh
                0x00082038       0x14 C:\Users\lucas.oldfield\AppData\Local\Temp\VMBuilds\CAN_SendingTest\arduino_due_x_dbg\Release/core.a(CDC.cpp.o)
                0x00082038                CDC_GetInterface(unsigned char*)
 .text._Z21CDC_GetOtherInterfacePh
                0x0008204c       0x14 C:\Users\lucas.oldfield\AppData\Local\Temp\VMBuilds\CAN_SendingTest\arduino_due_x_dbg\Release/core.a(CDC.cpp.o)
                0x0008204c                CDC_GetOtherInterface(unsigned char*)
 .text._Z9CDC_SetupR8USBSetup
                0x00082060       0x78 C:\Users\lucas.oldfield\AppData\Local\Temp\VMBuilds\CAN_SendingTest\arduino_due_x_dbg\Release/core.a(CDC.cpp.o)
                0x00082060                CDC_Setup(USBSetup&)
 .text.startup._GLOBAL__sub_I_cdc_rx_buffer
                0x000820d8       0x1c C:\Users\lucas.oldfield\AppData\Local\Temp\VMBuilds\CAN_SendingTest\arduino_due_x_dbg\Release/core.a(CDC.cpp.o)
 .text._ZN13PluggableUSB_12getInterfaceEPh
                0x000820f4       0x28 C:\Users\lucas.oldfield\AppData\Local\Temp\VMBuilds\CAN_SendingTest\arduino_due_x_dbg\Release/core.a(PluggableUSB.cpp.o)
                0x000820f4                PluggableUSB_::getInterface(unsigned char*)
 .text._ZN13PluggableUSB_13getDescriptorER8USBSetup
                0x0008211c       0x1c C:\Users\lucas.oldfield\AppData\Local\Temp\VMBuilds\CAN_SendingTest\arduino_due_x_dbg\Release/core.a(PluggableUSB.cpp.o)
                0x0008211c                PluggableUSB_::getDescriptor(USBSetup&)
 .text._ZN13PluggableUSB_12getShortNameEPc
                0x00082138       0x1c C:\Users\lucas.oldfield\AppData\Local\Temp\VMBuilds\CAN_SendingTest\arduino_due_x_dbg\Release/core.a(PluggableUSB.cpp.o)
                0x00082138                PluggableUSB_::getShortName(char*)
 .text._ZN13PluggableUSB_5setupER8USBSetup
                0x00082154       0x20 C:\Users\lucas.oldfield\AppData\Local\Temp\VMBuilds\CAN_SendingTest\arduino_due_x_dbg\Release/core.a(PluggableUSB.cpp.o)
                0x00082154                PluggableUSB_::setup(USBSetup&)
 .text._Z12PluggableUSBv
                0x00082174       0x28 C:\Users\lucas.oldfield\AppData\Local\Temp\VMBuilds\CAN_SendingTest\arduino_due_x_dbg\Release/core.a(PluggableUSB.cpp.o)
                0x00082174                PluggableUSB()
 .text.TimeTick_Increment
                0x0008219c       0x10 C:\Users\lucas.oldfield\AppData\Local\arduino15\packages\arduino\hardware\sam\1.6.11\variants\arduino_due_x/libsam_sam3x8e_gcc_rel.a(timetick.o)
                0x0008219c                TimeTick_Increment
 .text.GetTickCount
                0x000821ac        0xc C:\Users\lucas.oldfield\AppData\Local\arduino15\packages\arduino\hardware\sam\1.6.11\variants\arduino_due_x/libsam_sam3x8e_gcc_rel.a(timetick.o)
                0x000821ac                GetTickCount
 .text.WDT_Disable
                0x000821b8        0x8 C:\Users\lucas.oldfield\AppData\Local\arduino15\packages\arduino\hardware\sam\1.6.11\variants\arduino_due_x/libsam_sam3x8e_gcc_rel.a(wdt.o)
                0x000821b8                WDT_Disable
 .text.UDD_SetStack
                0x000821c0        0xc C:\Users\lucas.oldfield\AppData\Local\arduino15\packages\arduino\hardware\sam\1.6.11\variants\arduino_due_x/libsam_sam3x8e_gcc_rel.a(uotghs_device.o)
                0x000821c0                UDD_SetStack
 .text.UDD_Init
                0x000821cc       0xd0 C:\Users\lucas.oldfield\AppData\Local\arduino15\packages\arduino\hardware\sam\1.6.11\variants\arduino_due_x/libsam_sam3x8e_gcc_rel.a(uotghs_device.o)
                0x000821cc                UDD_Init
 .text.UDD_Attach
                0x0008229c       0x50 C:\Users\lucas.oldfield\AppData\Local\arduino15\packages\arduino\hardware\sam\1.6.11\variants\arduino_due_x/libsam_sam3x8e_gcc_rel.a(uotghs_device.o)
                0x0008229c                UDD_Attach
 .text.UDD_InitEP
                0x000822ec       0x2c C:\Users\lucas.oldfield\AppData\Local\arduino15\packages\arduino\hardware\sam\1.6.11\variants\arduino_due_x/libsam_sam3x8e_gcc_rel.a(uotghs_device.o)
                0x000822ec                UDD_InitEP
 .text.UDD_InitEndpoints
                0x00082318       0x3c C:\Users\lucas.oldfield\AppData\Local\arduino15\packages\arduino\hardware\sam\1.6.11\variants\arduino_due_x/libsam_sam3x8e_gcc_rel.a(uotghs_device.o)
                0x00082318                UDD_InitEndpoints
 .text.UDD_WaitIN
                0x00082354       0x10 C:\Users\lucas.oldfield\AppData\Local\arduino15\packages\arduino\hardware\sam\1.6.11\variants\arduino_due_x/libsam_sam3x8e_gcc_rel.a(uotghs_device.o)
                0x00082354                UDD_WaitIN
 .text.UDD_WaitOUT
                0x00082364       0x10 C:\Users\lucas.oldfield\AppData\Local\arduino15\packages\arduino\hardware\sam\1.6.11\variants\arduino_due_x/libsam_sam3x8e_gcc_rel.a(uotghs_device.o)
                0x00082364                UDD_WaitOUT
 .text.UDD_ClearIN
                0x00082374       0x18 C:\Users\lucas.oldfield\AppData\Local\arduino15\packages\arduino\hardware\sam\1.6.11\variants\arduino_due_x/libsam_sam3x8e_gcc_rel.a(uotghs_device.o)
                0x00082374                UDD_ClearIN
 .text.UDD_ClearOUT
                0x0008238c       0x18 C:\Users\lucas.oldfield\AppData\Local\arduino15\packages\arduino\hardware\sam\1.6.11\variants\arduino_due_x/libsam_sam3x8e_gcc_rel.a(uotghs_device.o)
                0x0008238c                UDD_ClearOUT
 .text.UDD_ReceivedSetupInt
                0x000823a4       0x10 C:\Users\lucas.oldfield\AppData\Local\arduino15\packages\arduino\hardware\sam\1.6.11\variants\arduino_due_x/libsam_sam3x8e_gcc_rel.a(uotghs_device.o)
                0x000823a4                UDD_ReceivedSetupInt
 .text.UDD_ClearSetupInt
                0x000823b4       0x10 C:\Users\lucas.oldfield\AppData\Local\arduino15\packages\arduino\hardware\sam\1.6.11\variants\arduino_due_x/libsam_sam3x8e_gcc_rel.a(uotghs_device.o)
                0x000823b4                UDD_ClearSetupInt
 .text.UDD_Send
                0x000823c4       0x88 C:\Users\lucas.oldfield\AppData\Local\arduino15\packages\arduino\hardware\sam\1.6.11\variants\arduino_due_x/libsam_sam3x8e_gcc_rel.a(uotghs_device.o)
                0x000823c4                UDD_Send
 .text.UDD_Send8
                0x0008244c       0x24 C:\Users\lucas.oldfield\AppData\Local\arduino15\packages\arduino\hardware\sam\1.6.11\variants\arduino_due_x/libsam_sam3x8e_gcc_rel.a(uotghs_device.o)
                0x0008244c                UDD_Send8
 .text.UDD_Recv8
                0x00082470       0x28 C:\Users\lucas.oldfield\AppData\Local\arduino15\packages\arduino\hardware\sam\1.6.11\variants\arduino_due_x/libsam_sam3x8e_gcc_rel.a(uotghs_device.o)
                0x00082470                UDD_Recv8
 .text.UDD_Recv
                0x00082498       0x34 C:\Users\lucas.oldfield\AppData\Local\arduino15\packages\arduino\hardware\sam\1.6.11\variants\arduino_due_x/libsam_sam3x8e_gcc_rel.a(uotghs_device.o)
                0x00082498                UDD_Recv
 .text.UDD_Stall
                0x000824cc       0x14 C:\Users\lucas.oldfield\AppData\Local\arduino15\packages\arduino\hardware\sam\1.6.11\variants\arduino_due_x/libsam_sam3x8e_gcc_rel.a(uotghs_device.o)
                0x000824cc                UDD_Stall
 .text.UDD_FifoByteCount
                0x000824e0       0x14 C:\Users\lucas.oldfield\AppData\Local\arduino15\packages\arduino\hardware\sam\1.6.11\variants\arduino_due_x/libsam_sam3x8e_gcc_rel.a(uotghs_device.o)
                0x000824e0                UDD_FifoByteCount
 .text.UDD_ReleaseRX
                0x000824f4       0x28 C:\Users\lucas.oldfield\AppData\Local\arduino15\packages\arduino\hardware\sam\1.6.11\variants\arduino_due_x/libsam_sam3x8e_gcc_rel.a(uotghs_device.o)
                0x000824f4                UDD_ReleaseRX
 .text.UDD_ReleaseTX
                0x0008251c       0x28 C:\Users\lucas.oldfield\AppData\Local\arduino15\packages\arduino\hardware\sam\1.6.11\variants\arduino_due_x/libsam_sam3x8e_gcc_rel.a(uotghs_device.o)
                0x0008251c                UDD_ReleaseTX
 .text.UDD_SetAddress
                0x00082544       0x20 C:\Users\lucas.oldfield\AppData\Local\arduino15\packages\arduino\hardware\sam\1.6.11\variants\arduino_due_x/libsam_sam3x8e_gcc_rel.a(uotghs_device.o)
                0x00082544                UDD_SetAddress
 .text.__libc_init_array
                0x00082564       0x50 c:/users/lucas.oldfield/appdata/local/arduino15/packages/arduino/tools/arm-none-eabi-gcc/4.8.3-2014q1/bin/../lib/gcc/arm-none-eabi/4.8.3/../../../../arm-none-eabi/lib/armv7-m\libg.a(lib_a-init.o)
                0x00082564                __libc_init_array
 .text.iprintf  0x000825b4       0x28 c:/users/lucas.oldfield/appdata/local/arduino15/packages/arduino/tools/arm-none-eabi-gcc/4.8.3-2014q1/bin/../lib/gcc/arm-none-eabi/4.8.3/../../../../arm-none-eabi/lib/armv7-m\libg.a(lib_a-iprintf.o)
                0x000825b4                iprintf
 .text.memset   0x000825dc       0x94 c:/users/lucas.oldfield/appdata/local/arduino15/packages/arduino/tools/arm-none-eabi-gcc/4.8.3-2014q1/bin/../lib/gcc/arm-none-eabi/4.8.3/../../../../arm-none-eabi/lib/armv7-m\libg.a(lib_a-memset.o)
                0x000825dc                memset
 .text.strlen   0x00082670       0x60 c:/users/lucas.oldfield/appdata/local/arduino15/packages/arduino/tools/arm-none-eabi-gcc/4.8.3-2014q1/bin/../lib/gcc/arm-none-eabi/4.8.3/../../../../arm-none-eabi/lib/armv7-m\libg.a(lib_a-strlen.o)
                0x00082670                strlen
 .text.kill     0x000826d0       0x10 c:/users/lucas.oldfield/appdata/local/arduino15/packages/arduino/tools/arm-none-eabi-gcc/4.8.3-2014q1/bin/../lib/gcc/arm-none-eabi/4.8.3/../../../../arm-none-eabi/lib/armv7-m\libg.a(lib_a-syskill.o)
                0x000826d0                kill
 .text.__sprint_r.part.0
                0x000826e0       0x78 c:/users/lucas.oldfield/appdata/local/arduino15/packages/arduino/tools/arm-none-eabi-gcc/4.8.3-2014q1/bin/../lib/gcc/arm-none-eabi/4.8.3/../../../../arm-none-eabi/lib/armv7-m\libg.a(lib_a-vfiprintf.o)
 .text._vfiprintf_r
                0x00082758      0xc54 c:/users/lucas.oldfield/appdata/local/arduino15/packages/arduino/tools/arm-none-eabi-gcc/4.8.3-2014q1/bin/../lib/gcc/arm-none-eabi/4.8.3/../../../../arm-none-eabi/lib/armv7-m\libg.a(lib_a-vfiprintf.o)
                0x00082758                _vfiprintf_r
 .text.__sbprintf
                0x000833ac       0x7c c:/users/lucas.oldfield/appdata/local/arduino15/packages/arduino/tools/arm-none-eabi-gcc/4.8.3-2014q1/bin/../lib/gcc/arm-none-eabi/4.8.3/../../../../arm-none-eabi/lib/armv7-m\libg.a(lib_a-vfiprintf.o)
 .text.__swsetup_r
                0x00083428       0xc4 c:/users/lucas.oldfield/appdata/local/arduino15/packages/arduino/tools/arm-none-eabi-gcc/4.8.3-2014q1/bin/../lib/gcc/arm-none-eabi/4.8.3/../../../../arm-none-eabi/lib/armv7-m\libg.a(lib_a-wsetup.o)
                0x00083428                __swsetup_r
 .text.startup.register_fini
                0x000834ec       0x14 c:/users/lucas.oldfield/appdata/local/arduino15/packages/arduino/tools/arm-none-eabi-gcc/4.8.3-2014q1/bin/../lib/gcc/arm-none-eabi/4.8.3/../../../../arm-none-eabi/lib/armv7-m\libg.a(lib_a-__call_atexit.o)
 .text.atexit   0x00083500        0xc c:/users/lucas.oldfield/appdata/local/arduino15/packages/arduino/tools/arm-none-eabi-gcc/4.8.3-2014q1/bin/../lib/gcc/arm-none-eabi/4.8.3/../../../../arm-none-eabi/lib/armv7-m\libg.a(lib_a-atexit.o)
                0x00083500                atexit
 .text.__sflush_r
                0x0008350c      0x148 c:/users/lucas.oldfield/appdata/local/arduino15/packages/arduino/tools/arm-none-eabi-gcc/4.8.3-2014q1/bin/../lib/gcc/arm-none-eabi/4.8.3/../../../../arm-none-eabi/lib/armv7-m\libg.a(lib_a-fflush.o)
                0x0008350c                __sflush_r
 .text._fflush_r
                0x00083654       0x2c c:/users/lucas.oldfield/appdata/local/arduino15/packages/arduino/tools/arm-none-eabi-gcc/4.8.3-2014q1/bin/../lib/gcc/arm-none-eabi/4.8.3/../../../../arm-none-eabi/lib/armv7-m\libg.a(lib_a-fflush.o)
                0x00083654                _fflush_r
 .text._cleanup_r
                0x00083680        0xc c:/users/lucas.oldfield/appdata/local/arduino15/packages/arduino/tools/arm-none-eabi-gcc/4.8.3-2014q1/bin/../lib/gcc/arm-none-eabi/4.8.3/../../../../arm-none-eabi/lib/armv7-m\libg.a(lib_a-findfp.o)
                0x00083680                _cleanup_r
 .text.__sinit  0x0008368c       0xf4 c:/users/lucas.oldfield/appdata/local/arduino15/packages/arduino/tools/arm-none-eabi-gcc/4.8.3-2014q1/bin/../lib/gcc/arm-none-eabi/4.8.3/../../../../arm-none-eabi/lib/armv7-m\libg.a(lib_a-findfp.o)
                0x0008368c                __sinit
 .text.__sfp_lock_acquire
                0x00083780        0x4 c:/users/lucas.oldfield/appdata/local/arduino15/packages/arduino/tools/arm-none-eabi-gcc/4.8.3-2014q1/bin/../lib/gcc/arm-none-eabi/4.8.3/../../../../arm-none-eabi/lib/armv7-m\libg.a(lib_a-findfp.o)
                0x00083780                __sfp_lock_acquire
 .text.__sfp_lock_release
                0x00083784        0x4 c:/users/lucas.oldfield/appdata/local/arduino15/packages/arduino/tools/arm-none-eabi-gcc/4.8.3-2014q1/bin/../lib/gcc/arm-none-eabi/4.8.3/../../../../arm-none-eabi/lib/armv7-m\libg.a(lib_a-findfp.o)
                0x00083784                __sfp_lock_release
 .text.__libc_fini_array
                0x00083788       0x30 c:/users/lucas.oldfield/appdata/local/arduino15/packages/arduino/tools/arm-none-eabi-gcc/4.8.3-2014q1/bin/../lib/gcc/arm-none-eabi/4.8.3/../../../../arm-none-eabi/lib/armv7-m\libg.a(lib_a-fini.o)
                0x00083788                __libc_fini_array
 .text._fputwc_r
                0x000837b8       0xc0 c:/users/lucas.oldfield/appdata/local/arduino15/packages/arduino/tools/arm-none-eabi-gcc/4.8.3-2014q1/bin/../lib/gcc/arm-none-eabi/4.8.3/../../../../arm-none-eabi/lib/armv7-m\libg.a(lib_a-fputwc.o)
                0x000837b8                _fputwc_r
 .text._malloc_trim_r
                0x00083878       0x9c c:/users/lucas.oldfield/appdata/local/arduino15/packages/arduino/tools/arm-none-eabi-gcc/4.8.3-2014q1/bin/../lib/gcc/arm-none-eabi/4.8.3/../../../../arm-none-eabi/lib/armv7-m\libg.a(lib_a-freer.o)
                0x00083878                _malloc_trim_r
 .text._free_r  0x00083914      0x198 c:/users/lucas.oldfield/appdata/local/arduino15/packages/arduino/tools/arm-none-eabi-gcc/4.8.3-2014q1/bin/../lib/gcc/arm-none-eabi/4.8.3/../../../../arm-none-eabi/lib/armv7-m\libg.a(lib_a-freer.o)
                0x00083914                _free_r
 .text.__sfvwrite_r
                0x00083aac      0x314 c:/users/lucas.oldfield/appdata/local/arduino15/packages/arduino/tools/arm-none-eabi-gcc/4.8.3-2014q1/bin/../lib/gcc/arm-none-eabi/4.8.3/../../../../arm-none-eabi/lib/armv7-m\libg.a(lib_a-fvwrite.o)
                0x00083aac                __sfvwrite_r
 .text._fwalk   0x00083dc0       0x48 c:/users/lucas.oldfield/appdata/local/arduino15/packages/arduino/tools/arm-none-eabi-gcc/4.8.3-2014q1/bin/../lib/gcc/arm-none-eabi/4.8.3/../../../../arm-none-eabi/lib/armv7-m\libg.a(lib_a-fwalk.o)
                0x00083dc0                _fwalk
 .text.__locale_charset
                0x00083e08        0x8 c:/users/lucas.oldfield/appdata/local/arduino15/packages/arduino/tools/arm-none-eabi-gcc/4.8.3-2014q1/bin/../lib/gcc/arm-none-eabi/4.8.3/../../../../arm-none-eabi/lib/armv7-m\libg.a(lib_a-locale.o)
                0x00083e08                __locale_charset
 .text.__locale_mb_cur_max
                0x00083e10        0xc c:/users/lucas.oldfield/appdata/local/arduino15/packages/arduino/tools/arm-none-eabi-gcc/4.8.3-2014q1/bin/../lib/gcc/arm-none-eabi/4.8.3/../../../../arm-none-eabi/lib/armv7-m\libg.a(lib_a-locale.o)
                0x00083e10                __locale_mb_cur_max
 .text.__smakebuf_r
                0x00083e1c       0xe0 c:/users/lucas.oldfield/appdata/local/arduino15/packages/arduino/tools/arm-none-eabi-gcc/4.8.3-2014q1/bin/../lib/gcc/arm-none-eabi/4.8.3/../../../../arm-none-eabi/lib/armv7-m\libg.a(lib_a-makebuf.o)
                0x00083e1c                __smakebuf_r
 .text._malloc_r
                0x00083efc      0x538 c:/users/lucas.oldfield/appdata/local/arduino15/packages/arduino/tools/arm-none-eabi-gcc/4.8.3-2014q1/bin/../lib/gcc/arm-none-eabi/4.8.3/../../../../arm-none-eabi/lib/armv7-m\libg.a(lib_a-mallocr.o)
                0x00083efc                _malloc_r
 .text.memchr   0x00084434       0x94 c:/users/lucas.oldfield/appdata/local/arduino15/packages/arduino/tools/arm-none-eabi-gcc/4.8.3-2014q1/bin/../lib/gcc/arm-none-eabi/4.8.3/../../../../arm-none-eabi/lib/armv7-m\libg.a(lib_a-memchr-stub.o)
                0x00084434                memchr
 .text          0x000844c8       0xec c:/users/lucas.oldfield/appdata/local/arduino15/packages/arduino/tools/arm-none-eabi-gcc/4.8.3-2014q1/bin/../lib/gcc/arm-none-eabi/4.8.3/../../../../arm-none-eabi/lib/armv7-m\libg.a(lib_a-memcpy.o)
                0x000844c8                memcpy
 .text.memmove  0x000845b4       0xcc c:/users/lucas.oldfield/appdata/local/arduino15/packages/arduino/tools/arm-none-eabi-gcc/4.8.3-2014q1/bin/../lib/gcc/arm-none-eabi/4.8.3/../../../../arm-none-eabi/lib/armv7-m\libg.a(lib_a-memmove.o)
                0x000845b4                memmove
 .text.__malloc_lock
                0x00084680        0x4 c:/users/lucas.oldfield/appdata/local/arduino15/packages/arduino/tools/arm-none-eabi-gcc/4.8.3-2014q1/bin/../lib/gcc/arm-none-eabi/4.8.3/../../../../arm-none-eabi/lib/armv7-m\libg.a(lib_a-mlock.o)
                0x00084680                __malloc_lock
 .text.__malloc_unlock
                0x00084684        0x4 c:/users/lucas.oldfield/appdata/local/arduino15/packages/arduino/tools/arm-none-eabi-gcc/4.8.3-2014q1/bin/../lib/gcc/arm-none-eabi/4.8.3/../../../../arm-none-eabi/lib/armv7-m\libg.a(lib_a-mlock.o)
                0x00084684                __malloc_unlock
 .text._realloc_r
                0x00084688      0x3c0 c:/users/lucas.oldfield/appdata/local/arduino15/packages/arduino/tools/arm-none-eabi-gcc/4.8.3-2014q1/bin/../lib/gcc/arm-none-eabi/4.8.3/../../../../arm-none-eabi/lib/armv7-m\libg.a(lib_a-reallocr.o)
                0x00084688                _realloc_r
 .text._sbrk_r  0x00084a48       0x24 c:/users/lucas.oldfield/appdata/local/arduino15/packages/arduino/tools/arm-none-eabi-gcc/4.8.3-2014q1/bin/../lib/gcc/arm-none-eabi/4.8.3/../../../../arm-none-eabi/lib/armv7-m\libg.a(lib_a-sbrkr.o)
                0x00084a48                _sbrk_r
 .text._kill_r  0x00084a6c       0x28 c:/users/lucas.oldfield/appdata/local/arduino15/packages/arduino/tools/arm-none-eabi-gcc/4.8.3-2014q1/bin/../lib/gcc/arm-none-eabi/4.8.3/../../../../arm-none-eabi/lib/armv7-m\libg.a(lib_a-signalr.o)
                0x00084a6c                _kill_r
 .text.__sread  0x00084a94       0x24 c:/users/lucas.oldfield/appdata/local/arduino15/packages/arduino/tools/arm-none-eabi-gcc/4.8.3-2014q1/bin/../lib/gcc/arm-none-eabi/4.8.3/../../../../arm-none-eabi/lib/armv7-m\libg.a(lib_a-stdio.o)
                0x00084a94                __sread
 .text.__swrite
                0x00084ab8       0x38 c:/users/lucas.oldfield/appdata/local/arduino15/packages/arduino/tools/arm-none-eabi-gcc/4.8.3-2014q1/bin/../lib/gcc/arm-none-eabi/4.8.3/../../../../arm-none-eabi/lib/armv7-m\libg.a(lib_a-stdio.o)
                0x00084ab8                __swrite
 .text.__sseek  0x00084af0       0x20 c:/users/lucas.oldfield/appdata/local/arduino15/packages/arduino/tools/arm-none-eabi-gcc/4.8.3-2014q1/bin/../lib/gcc/arm-none-eabi/4.8.3/../../../../arm-none-eabi/lib/armv7-m\libg.a(lib_a-stdio.o)
                0x00084af0                __sseek
 .text.__sclose
                0x00084b10        0x8 c:/users/lucas.oldfield/appdata/local/arduino15/packages/arduino/tools/arm-none-eabi-gcc/4.8.3-2014q1/bin/../lib/gcc/arm-none-eabi/4.8.3/../../../../arm-none-eabi/lib/armv7-m\libg.a(lib_a-stdio.o)
                0x00084b10                __sclose
 .text.__swbuf_r
                0x00084b18       0xa8 c:/users/lucas.oldfield/appdata/local/arduino15/packages/arduino/tools/arm-none-eabi-gcc/4.8.3-2014q1/bin/../lib/gcc/arm-none-eabi/4.8.3/../../../../arm-none-eabi/lib/armv7-m\libg.a(lib_a-wbuf.o)
                0x00084b18                __swbuf_r
 .text._wcrtomb_r
                0x00084bc0       0x50 c:/users/lucas.oldfield/appdata/local/arduino15/packages/arduino/tools/arm-none-eabi-gcc/4.8.3-2014q1/bin/../lib/gcc/arm-none-eabi/4.8.3/../../../../arm-none-eabi/lib/armv7-m\libg.a(lib_a-wcrtomb.o)
                0x00084bc0                _wcrtomb_r
 .text.__ascii_wctomb
                0x00084c10       0x1c c:/users/lucas.oldfield/appdata/local/arduino15/packages/arduino/tools/arm-none-eabi-gcc/4.8.3-2014q1/bin/../lib/gcc/arm-none-eabi/4.8.3/../../../../arm-none-eabi/lib/armv7-m\libg.a(lib_a-wctomb_r.o)
                0x00084c10                __ascii_wctomb
 .text._write_r
                0x00084c2c       0x28 c:/users/lucas.oldfield/appdata/local/arduino15/packages/arduino/tools/arm-none-eabi-gcc/4.8.3-2014q1/bin/../lib/gcc/arm-none-eabi/4.8.3/../../../../arm-none-eabi/lib/armv7-m\libg.a(lib_a-writer.o)
                0x00084c2c                _write_r
 .text.__register_exitproc
                0x00084c54       0xa8 c:/users/lucas.oldfield/appdata/local/arduino15/packages/arduino/tools/arm-none-eabi-gcc/4.8.3-2014q1/bin/../lib/gcc/arm-none-eabi/4.8.3/../../../../arm-none-eabi/lib/armv7-m\libg.a(lib_a-__atexit.o)
                0x00084c54                __register_exitproc
 .text._close_r
                0x00084cfc       0x24 c:/users/lucas.oldfield/appdata/local/arduino15/packages/arduino/tools/arm-none-eabi-gcc/4.8.3-2014q1/bin/../lib/gcc/arm-none-eabi/4.8.3/../../../../arm-none-eabi/lib/armv7-m\libg.a(lib_a-closer.o)
                0x00084cfc                _close_r
 .text._fclose_r
                0x00084d20       0x80 c:/users/lucas.oldfield/appdata/local/arduino15/packages/arduino/tools/arm-none-eabi-gcc/4.8.3-2014q1/bin/../lib/gcc/arm-none-eabi/4.8.3/../../../../arm-none-eabi/lib/armv7-m\libg.a(lib_a-fclose.o)
                0x00084d20                _fclose_r
 .text.fclose   0x00084da0       0x10 c:/users/lucas.oldfield/appdata/local/arduino15/packages/arduino/tools/arm-none-eabi-gcc/4.8.3-2014q1/bin/../lib/gcc/arm-none-eabi/4.8.3/../../../../arm-none-eabi/lib/armv7-m\libg.a(lib_a-fclose.o)
                0x00084da0                fclose
 .text._fstat_r
                0x00084db0       0x28 c:/users/lucas.oldfield/appdata/local/arduino15/packages/arduino/tools/arm-none-eabi-gcc/4.8.3-2014q1/bin/../lib/gcc/arm-none-eabi/4.8.3/../../../../arm-none-eabi/lib/armv7-m\libg.a(lib_a-fstatr.o)
                0x00084db0                _fstat_r
 .text._isatty_r
                0x00084dd8       0x24 c:/users/lucas.oldfield/appdata/local/arduino15/packages/arduino/tools/arm-none-eabi-gcc/4.8.3-2014q1/bin/../lib/gcc/arm-none-eabi/4.8.3/../../../../arm-none-eabi/lib/armv7-m\libg.a(lib_a-isattyr.o)
                0x00084dd8                _isatty_r
 .text._lseek_r
                0x00084dfc       0x28 c:/users/lucas.oldfield/appdata/local/arduino15/packages/arduino/tools/arm-none-eabi-gcc/4.8.3-2014q1/bin/../lib/gcc/arm-none-eabi/4.8.3/../../../../arm-none-eabi/lib/armv7-m\libg.a(lib_a-lseekr.o)
                0x00084dfc                _lseek_r
 .text._read_r  0x00084e24       0x28 c:/users/lucas.oldfield/appdata/local/arduino15/packages/arduino/tools/arm-none-eabi-gcc/4.8.3-2014q1/bin/../lib/gcc/arm-none-eabi/4.8.3/../../../../arm-none-eabi/lib/armv7-m\libg.a(lib_a-readr.o)
                0x00084e24                _read_r
 .text          0x00084e4c       0x2c c:/users/lucas.oldfield/appdata/local/arduino15/packages/arduino/tools/arm-none-eabi-gcc/4.8.3-2014q1/bin/../lib/gcc/arm-none-eabi/4.8.3/armv7-m\libgcc.a(_aeabi_uldivmod.o)
                0x00084e4c                __aeabi_uldivmod
 .text          0x00084e78       0x60 c:/users/lucas.oldfield/appdata/local/arduino15/packages/arduino/tools/arm-none-eabi-gcc/4.8.3-2014q1/bin/../lib/gcc/arm-none-eabi/4.8.3/armv7-m\libgcc.a(bpabi.o)
                0x00084e78                __gnu_ldivmod_helper
                0x00084ea8                __gnu_uldivmod_helper
 .text          0x00084ed8        0x4 c:/users/lucas.oldfield/appdata/local/arduino15/packages/arduino/tools/arm-none-eabi-gcc/4.8.3-2014q1/bin/../lib/gcc/arm-none-eabi/4.8.3/armv7-m\libgcc.a(_dvmd_tls.o)
                0x00084ed8                __aeabi_idiv0
                0x00084ed8                __aeabi_ldiv0
 .text          0x00084edc      0x2a0 c:/users/lucas.oldfield/appdata/local/arduino15/packages/arduino/tools/arm-none-eabi-gcc/4.8.3-2014q1/bin/../lib/gcc/arm-none-eabi/4.8.3/armv7-m\libgcc.a(_divdi3.o)
                0x00084edc                __divdi3
 .text          0x0008517c      0x290 c:/users/lucas.oldfield/appdata/local/arduino15/packages/arduino/tools/arm-none-eabi-gcc/4.8.3-2014q1/bin/../lib/gcc/arm-none-eabi/4.8.3/armv7-m\libgcc.a(_udivdi3.o)
                0x0008517c                __udivdi3
 *(.glue_7t)
 .glue_7t       0x00000000        0x0 linker stubs
 *(.glue_7)
 .glue_7        0x00000000        0x0 linker stubs
 *(.rodata .rodata* .gnu.linkonce.r.*)
 .rodata.str1.1
                0x0008540c       0x66 C:\Users\lucas.oldfield\AppData\Local\Temp\VMBuilds\CAN_SendingTest\arduino_due_x_dbg\Release\CAN_SendingTest.cpp.o
                                 0x68 (size before relaxing)
 .rodata._ZL12can_bit_time
                0x00085472       0x6c C:\Users\lucas.oldfield\AppData\Local\Temp\VMBuilds\CAN_SendingTest\arduino_due_x_dbg\Release\due_can\due_can.cpp.o
 .rodata.CSWTCH.102
                0x000854de        0x8 C:\Users\lucas.oldfield\AppData\Local\Temp\VMBuilds\CAN_SendingTest\arduino_due_x_dbg\Release\due_can\due_can.cpp.o
 *fill*         0x000854e6        0x2 
 .rodata.g_APinDescription
                0x000854e8      0xa2c C:\Users\lucas.oldfield\AppData\Local\Temp\VMBuilds\CAN_SendingTest\arduino_due_x_dbg\Release\variant\variant.cpp.o
                0x000854e8                g_APinDescription
 .rodata        0x00085f14       0x40 C:\Users\lucas.oldfield\AppData\Local\arduino15\packages\arduino\hardware\sam\1.6.11\variants\arduino_due_x/libsam_sam3x8e_gcc_rel.a(adc.o)
 .rodata.str1.1
                0x00085f54       0x19 C:\Users\lucas.oldfield\AppData\Local\Temp\VMBuilds\CAN_SendingTest\arduino_due_x_dbg\Release/core.a(syscalls_sam3.c.o)
 .rodata.str1.1
                0x00085f6d        0xc C:\Users\lucas.oldfield\AppData\Local\Temp\VMBuilds\CAN_SendingTest\arduino_due_x_dbg\Release/core.a(Print.cpp.o)
                                  0xf (size before relaxing)
 *fill*         0x00085f79        0x7 
 .rodata._ZTV9UARTClass
                0x00085f80       0x30 C:\Users\lucas.oldfield\AppData\Local\Temp\VMBuilds\CAN_SendingTest\arduino_due_x_dbg\Release/core.a(UARTClass.cpp.o)
                0x00085f80                vtable for UARTClass
 .rodata._ZTV10USARTClass
                0x00085fb0       0x30 C:\Users\lucas.oldfield\AppData\Local\Temp\VMBuilds\CAN_SendingTest\arduino_due_x_dbg\Release/core.a(USARTClass.cpp.o)
                0x00085fb0                vtable for USARTClass
 .rodata.STRING_PRODUCT
                0x00085fe0        0xc C:\Users\lucas.oldfield\AppData\Local\Temp\VMBuilds\CAN_SendingTest\arduino_due_x_dbg\Release/core.a(USBCore.cpp.o)
                0x00085fe0                STRING_PRODUCT
 .rodata.USB_DeviceDescriptor
                0x00085fec       0x12 C:\Users\lucas.oldfield\AppData\Local\Temp\VMBuilds\CAN_SendingTest\arduino_due_x_dbg\Release/core.a(USBCore.cpp.o)
                0x00085fec                USB_DeviceDescriptor
 .rodata.STRING_LANGUAGE
                0x00085ffe        0x4 C:\Users\lucas.oldfield\AppData\Local\Temp\VMBuilds\CAN_SendingTest\arduino_due_x_dbg\Release/core.a(USBCore.cpp.o)
                0x00085ffe                STRING_LANGUAGE
 .rodata._ZL18test_packet_buffer
                0x00086002       0x35 C:\Users\lucas.oldfield\AppData\Local\Temp\VMBuilds\CAN_SendingTest\arduino_due_x_dbg\Release/core.a(USBCore.cpp.o)
 .rodata.STRING_MANUFACTURER
                0x00086037        0xc C:\Users\lucas.oldfield\AppData\Local\Temp\VMBuilds\CAN_SendingTest\arduino_due_x_dbg\Release/core.a(USBCore.cpp.o)
                0x00086037                STRING_MANUFACTURER
 .rodata.USB_DeviceDescriptorA
                0x00086043       0x12 C:\Users\lucas.oldfield\AppData\Local\Temp\VMBuilds\CAN_SendingTest\arduino_due_x_dbg\Release/core.a(USBCore.cpp.o)
                0x00086043                USB_DeviceDescriptorA
 .rodata._ZL19USB_DeviceQualifier
                0x00086055        0x9 C:\Users\lucas.oldfield\AppData\Local\Temp\VMBuilds\CAN_SendingTest\arduino_due_x_dbg\Release/core.a(USBCore.cpp.o)
 *fill*         0x0008605e        0x2 
 .rodata._ZTV7Serial_
                0x00086060       0x28 C:\Users\lucas.oldfield\AppData\Local\Temp\VMBuilds\CAN_SendingTest\arduino_due_x_dbg\Release/core.a(CDC.cpp.o)
                0x00086060                vtable for Serial_
 .rodata._ZL18_cdcOtherInterface
                0x00086088       0x42 C:\Users\lucas.oldfield\AppData\Local\Temp\VMBuilds\CAN_SendingTest\arduino_due_x_dbg\Release/core.a(CDC.cpp.o)
 .rodata._ZL13_cdcInterface
                0x000860ca       0x42 C:\Users\lucas.oldfield\AppData\Local\Temp\VMBuilds\CAN_SendingTest\arduino_due_x_dbg\Release/core.a(CDC.cpp.o)
 .rodata.str1.4
                0x0008610c        0x2 c:/users/lucas.oldfield/appdata/local/arduino15/packages/arduino/tools/arm-none-eabi-gcc/4.8.3-2014q1/bin/../lib/gcc/arm-none-eabi/4.8.3/../../../../arm-none-eabi/lib/armv7-m\libg.a(lib_a-impure.o)
                                  0x4 (size before relaxing)
 *fill*         0x0008610e        0x2 
 .rodata._global_impure_ptr
                0x00086110        0x4 c:/users/lucas.oldfield/appdata/local/arduino15/packages/arduino/tools/arm-none-eabi-gcc/4.8.3-2014q1/bin/../lib/gcc/arm-none-eabi/4.8.3/../../../../arm-none-eabi/lib/armv7-m\libg.a(lib_a-impure.o)
                0x00086110                _global_impure_ptr
 .rodata.blanks.6717
                0x00086114       0x10 c:/users/lucas.oldfield/appdata/local/arduino15/packages/arduino/tools/arm-none-eabi-gcc/4.8.3-2014q1/bin/../lib/gcc/arm-none-eabi/4.8.3/../../../../arm-none-eabi/lib/armv7-m\libg.a(lib_a-vfiprintf.o)
 .rodata.str1.4
                0x00086124       0x30 c:/users/lucas.oldfield/appdata/local/arduino15/packages/arduino/tools/arm-none-eabi-gcc/4.8.3-2014q1/bin/../lib/gcc/arm-none-eabi/4.8.3/../../../../arm-none-eabi/lib/armv7-m\libg.a(lib_a-vfiprintf.o)
 .rodata.zeroes.6718
                0x00086154       0x10 c:/users/lucas.oldfield/appdata/local/arduino15/packages/arduino/tools/arm-none-eabi-gcc/4.8.3-2014q1/bin/../lib/gcc/arm-none-eabi/4.8.3/../../../../arm-none-eabi/lib/armv7-m\libg.a(lib_a-vfiprintf.o)
 *(.ARM.extab* .gnu.linkonce.armextab.*)
                0x00086164                . = ALIGN (0x4)
 *(.init)
 .init          0x00086164        0x4 c:/users/lucas.oldfield/appdata/local/arduino15/packages/arduino/tools/arm-none-eabi-gcc/4.8.3-2014q1/bin/../lib/gcc/arm-none-eabi/4.8.3/armv7-m/crti.o
                0x00086164                _init
 .init          0x00086168        0x8 c:/users/lucas.oldfield/appdata/local/arduino15/packages/arduino/tools/arm-none-eabi-gcc/4.8.3-2014q1/bin/../lib/gcc/arm-none-eabi/4.8.3/armv7-m/crtn.o
                0x00086170                . = ALIGN (0x4)
                0x00086170                __preinit_array_start = .
 *(.preinit_array)
                0x00086170                __preinit_array_end = .
                0x00086170                . = ALIGN (0x4)
                0x00086170                __init_array_start = .
 *(SORT(.init_array.*))
 .init_array.00000
                0x00086170        0x4 c:/users/lucas.oldfield/appdata/local/arduino15/packages/arduino/tools/arm-none-eabi-gcc/4.8.3-2014q1/bin/../lib/gcc/arm-none-eabi/4.8.3/../../../../arm-none-eabi/lib/armv7-m\libg.a(lib_a-__call_atexit.o)
 *(.init_array)
 .init_array    0x00086174        0x4 c:/users/lucas.oldfield/appdata/local/arduino15/packages/arduino/tools/arm-none-eabi-gcc/4.8.3-2014q1/bin/../lib/gcc/arm-none-eabi/4.8.3/armv7-m/crtbegin.o
 .init_array    0x00086178        0x4 C:\Users\lucas.oldfield\AppData\Local\Temp\VMBuilds\CAN_SendingTest\arduino_due_x_dbg\Release\due_can\due_can.cpp.o
 .init_array    0x0008617c        0x4 C:\Users\lucas.oldfield\AppData\Local\Temp\VMBuilds\CAN_SendingTest\arduino_due_x_dbg\Release\variant\variant.cpp.o
 .init_array    0x00086180        0x4 C:\Users\lucas.oldfield\AppData\Local\Temp\VMBuilds\CAN_SendingTest\arduino_due_x_dbg\Release/core.a(USBCore.cpp.o)
 .init_array    0x00086184        0x4 C:\Users\lucas.oldfield\AppData\Local\Temp\VMBuilds\CAN_SendingTest\arduino_due_x_dbg\Release/core.a(CDC.cpp.o)
                0x00086188                __init_array_end = .
                0x00086188                . = ALIGN (0x4)
 *crtbegin.o(.ctors)
 *(EXCLUDE_FILE(*crtend.o) .ctors)
 *(SORT(.ctors.*))
 *crtend.o(.ctors)
                0x00086188                . = ALIGN (0x4)
 *(.fini)
 .fini          0x00086188        0x4 c:/users/lucas.oldfield/appdata/local/arduino15/packages/arduino/tools/arm-none-eabi-gcc/4.8.3-2014q1/bin/../lib/gcc/arm-none-eabi/4.8.3/armv7-m/crti.o
                0x00086188                _fini
 .fini          0x0008618c        0x8 c:/users/lucas.oldfield/appdata/local/arduino15/packages/arduino/tools/arm-none-eabi-gcc/4.8.3-2014q1/bin/../lib/gcc/arm-none-eabi/4.8.3/armv7-m/crtn.o
                0x00086194                . = ALIGN (0x4)
                0x00086194                __fini_array_start = .
 *(.fini_array)
 .fini_array    0x00086194        0x4 c:/users/lucas.oldfield/appdata/local/arduino15/packages/arduino/tools/arm-none-eabi-gcc/4.8.3-2014q1/bin/../lib/gcc/arm-none-eabi/4.8.3/armv7-m/crtbegin.o
 *(SORT(.fini_array.*))
                0x00086198                __fini_array_end = .
 *crtbegin.o(.dtors)
 *(EXCLUDE_FILE(*crtend.o) .dtors)
 *(SORT(.dtors.*))
 *crtend.o(.dtors)
                0x00086198                . = ALIGN (0x4)
                0x00086198                _efixed = .
                0x00086198                PROVIDE (__exidx_start, .)

.vfp11_veneer   0x00086198        0x0
 .vfp11_veneer  0x00000000        0x0 linker stubs

.v4_bx          0x00086198        0x0
 .v4_bx         0x00000000        0x0 linker stubs

.iplt           0x00086198        0x0
 .iplt          0x00000000        0x0 c:/users/lucas.oldfield/appdata/local/arduino15/packages/arduino/tools/arm-none-eabi-gcc/4.8.3-2014q1/bin/../lib/gcc/arm-none-eabi/4.8.3/armv7-m/crtbegin.o

.ARM.exidx      0x00086198        0x8
 *(.ARM.exidx* .gnu.linkonce.armexidx.*)
 .ARM.exidx     0x00086198        0x8 c:/users/lucas.oldfield/appdata/local/arduino15/packages/arduino/tools/arm-none-eabi-gcc/4.8.3-2014q1/bin/../lib/gcc/arm-none-eabi/4.8.3/armv7-m\libgcc.a(_divdi3.o)
 .ARM.exidx     0x000861a0        0x0 c:/users/lucas.oldfield/appdata/local/arduino15/packages/arduino/tools/arm-none-eabi-gcc/4.8.3-2014q1/bin/../lib/gcc/arm-none-eabi/4.8.3/armv7-m\libgcc.a(_udivdi3.o)
                                  0x8 (size before relaxing)
                0x000861a0                PROVIDE (__exidx_end, .)

.eh_frame       0x000861a0        0x0
 .eh_frame      0x000861a0        0x0 c:/users/lucas.oldfield/appdata/local/arduino15/packages/arduino/tools/arm-none-eabi-gcc/4.8.3-2014q1/bin/../lib/gcc/arm-none-eabi/4.8.3/armv7-m/crtbegin.o

.rel.dyn        0x000861a0        0x0
 .rel.iplt      0x00000000        0x0 c:/users/lucas.oldfield/appdata/local/arduino15/packages/arduino/tools/arm-none-eabi-gcc/4.8.3-2014q1/bin/../lib/gcc/arm-none-eabi/4.8.3/armv7-m/crtbegin.o

.jcr            0x000861a0        0x0
 .jcr           0x000861a0        0x0 c:/users/lucas.oldfield/appdata/local/arduino15/packages/arduino/tools/arm-none-eabi-gcc/4.8.3-2014q1/bin/../lib/gcc/arm-none-eabi/4.8.3/armv7-m/crtbegin.o

.igot.plt       0x000861a0        0x0
 .igot.plt      0x00000000        0x0 c:/users/lucas.oldfield/appdata/local/arduino15/packages/arduino/tools/arm-none-eabi-gcc/4.8.3-2014q1/bin/../lib/gcc/arm-none-eabi/4.8.3/armv7-m/crtbegin.o
                0x000861a0                . = ALIGN (0x4)
                0x000861a0                _etext = .

.relocate       0x20070000      0x8d4 load address 0x000861a0
                0x20070000                . = ALIGN (0x4)
                0x20070000                _srelocate = .
 *(.ramfunc .ramfunc.*)
 .ramfunc       0x20070000       0x2c C:\Users\lucas.oldfield\AppData\Local\Temp\VMBuilds\CAN_SendingTest\arduino_due_x_dbg\Release/core.a(Reset.cpp.o)
                0x20070000                banzai
 *(.data .data.*)
 .data.SystemCoreClock
                0x2007002c        0x4 C:\Users\lucas.oldfield\AppData\Local\arduino15\packages\arduino\hardware\sam\1.6.11\variants\arduino_due_x/libsam_sam3x8e_gcc_rel.a(system_sam3xa.o)
                0x2007002c                SystemCoreClock
 .data._ZL5ticks
                0x20070030        0x4 C:\Users\lucas.oldfield\AppData\Local\Temp\VMBuilds\CAN_SendingTest\arduino_due_x_dbg\Release/core.a(Reset.cpp.o)
 .data.EndPoints
                0x20070034       0x28 C:\Users\lucas.oldfield\AppData\Local\Temp\VMBuilds\CAN_SendingTest\arduino_due_x_dbg\Release/core.a(USBCore.cpp.o)
                0x20070034                EndPoints
 .data._ZL10breakValue
                0x2007005c        0x4 C:\Users\lucas.oldfield\AppData\Local\Temp\VMBuilds\CAN_SendingTest\arduino_due_x_dbg\Release/core.a(CDC.cpp.o)
 .data._ZL12_usbLineInfo
                0x20070060        0x8 C:\Users\lucas.oldfield\AppData\Local\Temp\VMBuilds\CAN_SendingTest\arduino_due_x_dbg\Release/core.a(CDC.cpp.o)
 .data.g_interrupt_enabled
                0x20070068        0x4 C:\Users\lucas.oldfield\AppData\Local\arduino15\packages\arduino\hardware\sam\1.6.11\variants\arduino_due_x/libsam_sam3x8e_gcc_rel.a(interrupt_sam_nvic.o)
                0x20070068                g_interrupt_enabled
 *fill*         0x2007006c        0x4 
 .data.impure_data
                0x20070070      0x428 c:/users/lucas.oldfield/appdata/local/arduino15/packages/arduino/tools/arm-none-eabi-gcc/4.8.3-2014q1/bin/../lib/gcc/arm-none-eabi/4.8.3/../../../../arm-none-eabi/lib/armv7-m\libg.a(lib_a-impure.o)
 .data._impure_ptr
                0x20070498        0x4 c:/users/lucas.oldfield/appdata/local/arduino15/packages/arduino/tools/arm-none-eabi-gcc/4.8.3-2014q1/bin/../lib/gcc/arm-none-eabi/4.8.3/../../../../arm-none-eabi/lib/armv7-m\libg.a(lib_a-impure.o)
                0x20070498                _impure_ptr
 .data.lc_ctype_charset
                0x2007049c       0x20 c:/users/lucas.oldfield/appdata/local/arduino15/packages/arduino/tools/arm-none-eabi-gcc/4.8.3-2014q1/bin/../lib/gcc/arm-none-eabi/4.8.3/../../../../arm-none-eabi/lib/armv7-m\libg.a(lib_a-locale.o)
 .data.__mb_cur_max
                0x200704bc        0x4 c:/users/lucas.oldfield/appdata/local/arduino15/packages/arduino/tools/arm-none-eabi-gcc/4.8.3-2014q1/bin/../lib/gcc/arm-none-eabi/4.8.3/../../../../arm-none-eabi/lib/armv7-m\libg.a(lib_a-locale.o)
                0x200704bc                __mb_cur_max
 .data.__malloc_av_
                0x200704c0      0x408 c:/users/lucas.oldfield/appdata/local/arduino15/packages/arduino/tools/arm-none-eabi-gcc/4.8.3-2014q1/bin/../lib/gcc/arm-none-eabi/4.8.3/../../../../arm-none-eabi/lib/armv7-m\libg.a(lib_a-mallocr.o)
                0x200704c0                __malloc_av_
 .data.__malloc_trim_threshold
                0x200708c8        0x4 c:/users/lucas.oldfield/appdata/local/arduino15/packages/arduino/tools/arm-none-eabi-gcc/4.8.3-2014q1/bin/../lib/gcc/arm-none-eabi/4.8.3/../../../../arm-none-eabi/lib/armv7-m\libg.a(lib_a-mallocr.o)
                0x200708c8                __malloc_trim_threshold
 .data.__malloc_sbrk_base
                0x200708cc        0x4 c:/users/lucas.oldfield/appdata/local/arduino15/packages/arduino/tools/arm-none-eabi-gcc/4.8.3-2014q1/bin/../lib/gcc/arm-none-eabi/4.8.3/../../../../arm-none-eabi/lib/armv7-m\libg.a(lib_a-mallocr.o)
                0x200708cc                __malloc_sbrk_base
 .data.__wctomb
                0x200708d0        0x4 c:/users/lucas.oldfield/appdata/local/arduino15/packages/arduino/tools/arm-none-eabi-gcc/4.8.3-2014q1/bin/../lib/gcc/arm-none-eabi/4.8.3/../../../../arm-none-eabi/lib/armv7-m\libg.a(lib_a-wctomb_r.o)
                0x200708d0                __wctomb
                0x200708d4                . = ALIGN (0x4)
                0x200708d4                _erelocate = .

.bss            0x200708d4     0x11e8 load address 0x00086a74
                0x200708d4                . = ALIGN (0x4)
                0x200708d4                _sbss = .
                0x200708d4                _szero = .
 *(.bss .bss.*)
 .bss           0x200708d4       0x1c c:/users/lucas.oldfield/appdata/local/arduino15/packages/arduino/tools/arm-none-eabi-gcc/4.8.3-2014q1/bin/../lib/gcc/arm-none-eabi/4.8.3/armv7-m/crtbegin.o
 .bss._ZZ4loopE8lastTime
                0x200708f0        0x4 C:\Users\lucas.oldfield\AppData\Local\Temp\VMBuilds\CAN_SendingTest\arduino_due_x_dbg\Release\CAN_SendingTest.cpp.o
 *fill*         0x200708f4        0x4 
 .bss.Can0      0x200708f8      0x4d8 C:\Users\lucas.oldfield\AppData\Local\Temp\VMBuilds\CAN_SendingTest\arduino_due_x_dbg\Release\due_can\due_can.cpp.o
                0x200708f8                Can0
 .bss._ZGVZN6CANRaw12set_baudrateEmE6ul_mck
                0x20070dd0        0x4 C:\Users\lucas.oldfield\AppData\Local\Temp\VMBuilds\CAN_SendingTest\arduino_due_x_dbg\Release\due_can\due_can.cpp.o
 .bss._ZZN6CANRaw12set_baudrateEmE6ul_mck
                0x20070dd4        0x4 C:\Users\lucas.oldfield\AppData\Local\Temp\VMBuilds\CAN_SendingTest\arduino_due_x_dbg\Release\due_can\due_can.cpp.o
 .bss.Can1      0x20070dd8      0x4d8 C:\Users\lucas.oldfield\AppData\Local\Temp\VMBuilds\CAN_SendingTest\arduino_due_x_dbg\Release\due_can\due_can.cpp.o
                0x20070dd8                Can1
 .bss.tx_buffer2
                0x200712b0       0x88 C:\Users\lucas.oldfield\AppData\Local\Temp\VMBuilds\CAN_SendingTest\arduino_due_x_dbg\Release\variant\variant.cpp.o
                0x200712b0                tx_buffer2
 .bss.tx_buffer1
                0x20071338       0x88 C:\Users\lucas.oldfield\AppData\Local\Temp\VMBuilds\CAN_SendingTest\arduino_due_x_dbg\Release\variant\variant.cpp.o
                0x20071338                tx_buffer1
 .bss.Serial    0x200713c0       0x24 C:\Users\lucas.oldfield\AppData\Local\Temp\VMBuilds\CAN_SendingTest\arduino_due_x_dbg\Release\variant\variant.cpp.o
                0x200713c0                Serial
 .bss.rx_buffer1
                0x200713e4       0x88 C:\Users\lucas.oldfield\AppData\Local\Temp\VMBuilds\CAN_SendingTest\arduino_due_x_dbg\Release\variant\variant.cpp.o
                0x200713e4                rx_buffer1
 .bss.Serial1   0x2007146c       0x28 C:\Users\lucas.oldfield\AppData\Local\Temp\VMBuilds\CAN_SendingTest\arduino_due_x_dbg\Release\variant\variant.cpp.o
                0x2007146c                Serial1
 .bss.Serial2   0x20071494       0x28 C:\Users\lucas.oldfield\AppData\Local\Temp\VMBuilds\CAN_SendingTest\arduino_due_x_dbg\Release\variant\variant.cpp.o
                0x20071494                Serial2
 .bss.Serial3   0x200714bc       0x28 C:\Users\lucas.oldfield\AppData\Local\Temp\VMBuilds\CAN_SendingTest\arduino_due_x_dbg\Release\variant\variant.cpp.o
                0x200714bc                Serial3
 .bss.tx_buffer3
                0x200714e4       0x88 C:\Users\lucas.oldfield\AppData\Local\Temp\VMBuilds\CAN_SendingTest\arduino_due_x_dbg\Release\variant\variant.cpp.o
                0x200714e4                tx_buffer3
 .bss.tx_buffer4
                0x2007156c       0x88 C:\Users\lucas.oldfield\AppData\Local\Temp\VMBuilds\CAN_SendingTest\arduino_due_x_dbg\Release\variant\variant.cpp.o
                0x2007156c                tx_buffer4
 .bss.g_pinStatus
                0x200715f4       0x4f C:\Users\lucas.oldfield\AppData\Local\Temp\VMBuilds\CAN_SendingTest\arduino_due_x_dbg\Release\variant\variant.cpp.o
                0x200715f4                g_pinStatus
 *fill*         0x20071643        0x1 
 .bss.rx_buffer2
                0x20071644       0x88 C:\Users\lucas.oldfield\AppData\Local\Temp\VMBuilds\CAN_SendingTest\arduino_due_x_dbg\Release\variant\variant.cpp.o
                0x20071644                rx_buffer2
 .bss.rx_buffer3
                0x200716cc       0x88 C:\Users\lucas.oldfield\AppData\Local\Temp\VMBuilds\CAN_SendingTest\arduino_due_x_dbg\Release\variant\variant.cpp.o
                0x200716cc                rx_buffer3
 .bss.rx_buffer4
                0x20071754       0x88 C:\Users\lucas.oldfield\AppData\Local\Temp\VMBuilds\CAN_SendingTest\arduino_due_x_dbg\Release\variant\variant.cpp.o
                0x20071754                rx_buffer4
 .bss.gpf_isr   0x200717dc        0x4 C:\Users\lucas.oldfield\AppData\Local\arduino15\packages\arduino\hardware\sam\1.6.11\variants\arduino_due_x/libsam_sam3x8e_gcc_rel.a(uotghs.o)
                0x200717dc                gpf_isr
 .bss.heap.6420
                0x200717e0        0x4 C:\Users\lucas.oldfield\AppData\Local\Temp\VMBuilds\CAN_SendingTest\arduino_due_x_dbg\Release/core.a(syscalls_sam3.c.o)
 .bss._cmark    0x200717e4        0x2 C:\Users\lucas.oldfield\AppData\Local\Temp\VMBuilds\CAN_SendingTest\arduino_due_x_dbg\Release/core.a(USBCore.cpp.o)
                0x200717e4                _cmark
 .bss._ZL14isEndpointHalt
                0x200717e6        0x1 C:\Users\lucas.oldfield\AppData\Local\Temp\VMBuilds\CAN_SendingTest\arduino_due_x_dbg\Release/core.a(USBCore.cpp.o)
 *fill*         0x200717e7        0x1 
 .bss._cdcComposite
                0x200717e8        0x4 C:\Users\lucas.oldfield\AppData\Local\Temp\VMBuilds\CAN_SendingTest\arduino_due_x_dbg\Release/core.a(USBCore.cpp.o)
                0x200717e8                _cdcComposite
 .bss._ZL21isRemoteWakeUpEnabled
                0x200717ec        0x1 C:\Users\lucas.oldfield\AppData\Local\Temp\VMBuilds\CAN_SendingTest\arduino_due_x_dbg\Release/core.a(USBCore.cpp.o)
 *fill*         0x200717ed        0x3 
 .bss._usbInitialized
                0x200717f0        0x4 C:\Users\lucas.oldfield\AppData\Local\Temp\VMBuilds\CAN_SendingTest\arduino_due_x_dbg\Release/core.a(USBCore.cpp.o)
                0x200717f0                _usbInitialized
 .bss.USBDevice
                0x200717f4        0x1 C:\Users\lucas.oldfield\AppData\Local\Temp\VMBuilds\CAN_SendingTest\arduino_due_x_dbg\Release/core.a(USBCore.cpp.o)
                0x200717f4                USBDevice
 *fill*         0x200717f5        0x3 
 .bss._usbSetInterface
                0x200717f8        0x4 C:\Users\lucas.oldfield\AppData\Local\Temp\VMBuilds\CAN_SendingTest\arduino_due_x_dbg\Release/core.a(USBCore.cpp.o)
                0x200717f8                _usbSetInterface
 .bss._cend     0x200717fc        0x2 C:\Users\lucas.oldfield\AppData\Local\Temp\VMBuilds\CAN_SendingTest\arduino_due_x_dbg\Release/core.a(USBCore.cpp.o)
                0x200717fc                _cend
 *fill*         0x200717fe        0x2 
 .bss._usbConfiguration
                0x20071800        0x4 C:\Users\lucas.oldfield\AppData\Local\Temp\VMBuilds\CAN_SendingTest\arduino_due_x_dbg\Release/core.a(USBCore.cpp.o)
                0x20071800                _usbConfiguration
 .bss.cdc_rx_buffer
                0x20071804      0x208 C:\Users\lucas.oldfield\AppData\Local\Temp\VMBuilds\CAN_SendingTest\arduino_due_x_dbg\Release/core.a(CDC.cpp.o)
                0x20071804                cdc_rx_buffer
 .bss._ZZN7Serial_6acceptEvE5guard
                0x20071a0c        0x4 C:\Users\lucas.oldfield\AppData\Local\Temp\VMBuilds\CAN_SendingTest\arduino_due_x_dbg\Release/core.a(CDC.cpp.o)
 .bss.SerialUSB
                0x20071a10       0x14 C:\Users\lucas.oldfield\AppData\Local\Temp\VMBuilds\CAN_SendingTest\arduino_due_x_dbg\Release/core.a(CDC.cpp.o)
                0x20071a10                SerialUSB
 .bss._ZZ12PluggableUSBvE3obj
                0x20071a24        0x8 C:\Users\lucas.oldfield\AppData\Local\Temp\VMBuilds\CAN_SendingTest\arduino_due_x_dbg\Release/core.a(PluggableUSB.cpp.o)
 .bss._ZGVZ12PluggableUSBvE3obj
                0x20071a2c        0x4 C:\Users\lucas.oldfield\AppData\Local\Temp\VMBuilds\CAN_SendingTest\arduino_due_x_dbg\Release/core.a(PluggableUSB.cpp.o)
 .bss._dwTickCount
                0x20071a30        0x4 C:\Users\lucas.oldfield\AppData\Local\arduino15\packages\arduino\hardware\sam\1.6.11\variants\arduino_due_x/libsam_sam3x8e_gcc_rel.a(timetick.o)
 .bss.ul_recv_fifo_ptr
                0x20071a34       0x28 C:\Users\lucas.oldfield\AppData\Local\arduino15\packages\arduino\hardware\sam\1.6.11\variants\arduino_due_x/libsam_sam3x8e_gcc_rel.a(uotghs_device.o)
 .bss.ul_send_fifo_ptr
                0x20071a5c       0x28 C:\Users\lucas.oldfield\AppData\Local\arduino15\packages\arduino\hardware\sam\1.6.11\variants\arduino_due_x/libsam_sam3x8e_gcc_rel.a(uotghs_device.o)
 .bss.__malloc_max_total_mem
                0x20071a84        0x4 c:/users/lucas.oldfield/appdata/local/arduino15/packages/arduino/tools/arm-none-eabi-gcc/4.8.3-2014q1/bin/../lib/gcc/arm-none-eabi/4.8.3/../../../../arm-none-eabi/lib/armv7-m\libg.a(lib_a-mallocr.o)
                0x20071a84                __malloc_max_total_mem
 .bss.__malloc_max_sbrked_mem
                0x20071a88        0x4 c:/users/lucas.oldfield/appdata/local/arduino15/packages/arduino/tools/arm-none-eabi-gcc/4.8.3-2014q1/bin/../lib/gcc/arm-none-eabi/4.8.3/../../../../arm-none-eabi/lib/armv7-m\libg.a(lib_a-mallocr.o)
                0x20071a88                __malloc_max_sbrked_mem
 .bss.__malloc_top_pad
                0x20071a8c        0x4 c:/users/lucas.oldfield/appdata/local/arduino15/packages/arduino/tools/arm-none-eabi-gcc/4.8.3-2014q1/bin/../lib/gcc/arm-none-eabi/4.8.3/../../../../arm-none-eabi/lib/armv7-m\libg.a(lib_a-mallocr.o)
                0x20071a8c                __malloc_top_pad
 .bss.__malloc_current_mallinfo
                0x20071a90       0x28 c:/users/lucas.oldfield/appdata/local/arduino15/packages/arduino/tools/arm-none-eabi-gcc/4.8.3-2014q1/bin/../lib/gcc/arm-none-eabi/4.8.3/../../../../arm-none-eabi/lib/armv7-m\libg.a(lib_a-mallocr.o)
                0x20071a90                __malloc_current_mallinfo
 *(COMMON)
 COMMON         0x20071ab8        0x4 c:/users/lucas.oldfield/appdata/local/arduino15/packages/arduino/tools/arm-none-eabi-gcc/4.8.3-2014q1/bin/../lib/gcc/arm-none-eabi/4.8.3/../../../../arm-none-eabi/lib/armv7-m\libg.a(lib_a-reent.o)
                0x20071ab8                errno
                0x20071abc                . = ALIGN (0x4)
                0x20071abc                _ebss = .
                0x20071abc                _ezero = .
                0x20071abc                . = ALIGN (0x4)
                0x20071abc                _end = .

.stack_dummy    0x20071abc        0x0
 *(.stack*)
                0x20088000                __StackTop = (ORIGIN (ram) + 0x18000)
                0x20088000                __StackLimit = (__StackTop - SIZEOF (.stack_dummy))
                0x20088000                PROVIDE (_sstack, __StackLimit)
                0x20088000                PROVIDE (_estack, __StackTop)
OUTPUT(C:\Users\lucas.oldfield\AppData\Local\Temp\VMBuilds\CAN_SendingTest\arduino_due_x_dbg\Release/CAN_SendingTest.ino.elf elf32-littlearm)

.ARM.attributes
                0x00000000       0x29
 .ARM.attributes
                0x00000000       0x1d c:/users/lucas.oldfield/appdata/local/arduino15/packages/arduino/tools/arm-none-eabi-gcc/4.8.3-2014q1/bin/../lib/gcc/arm-none-eabi/4.8.3/armv7-m/crti.o
 .ARM.attributes
                0x0000001d       0x2d c:/users/lucas.oldfield/appdata/local/arduino15/packages/arduino/tools/arm-none-eabi-gcc/4.8.3-2014q1/bin/../lib/gcc/arm-none-eabi/4.8.3/armv7-m/crtbegin.o
 .ARM.attributes
                0x0000004a       0x33 C:\Users\lucas.oldfield\AppData\Local\Temp\VMBuilds\CAN_SendingTest\arduino_due_x_dbg\Release\CAN_SendingTest.cpp.o
 .ARM.attributes
                0x0000007d       0x33 C:\Users\lucas.oldfield\AppData\Local\Temp\VMBuilds\CAN_SendingTest\arduino_due_x_dbg\Release\due_can\due_can.cpp.o
 .ARM.attributes
                0x000000b0       0x33 C:\Users\lucas.oldfield\AppData\Local\Temp\VMBuilds\CAN_SendingTest\arduino_due_x_dbg\Release\variant\variant.cpp.o
 .ARM.attributes
                0x000000e3       0x33 C:\Users\lucas.oldfield\AppData\Local\arduino15\packages\arduino\hardware\sam\1.6.11\variants\arduino_due_x/libsam_sam3x8e_gcc_rel.a(pio.o)
 .ARM.attributes
                0x00000116       0x33 C:\Users\lucas.oldfield\AppData\Local\arduino15\packages\arduino\hardware\sam\1.6.11\variants\arduino_due_x/libsam_sam3x8e_gcc_rel.a(pmc.o)
 .ARM.attributes
                0x00000149       0x33 C:\Users\lucas.oldfield\AppData\Local\arduino15\packages\arduino\hardware\sam\1.6.11\variants\arduino_due_x/libsam_sam3x8e_gcc_rel.a(system_sam3xa.o)
 .ARM.attributes
                0x0000017c       0x33 C:\Users\lucas.oldfield\AppData\Local\arduino15\packages\arduino\hardware\sam\1.6.11\variants\arduino_due_x/libsam_sam3x8e_gcc_rel.a(startup_sam3xa.o)
 .ARM.attributes
                0x000001af       0x33 C:\Users\lucas.oldfield\AppData\Local\arduino15\packages\arduino\hardware\sam\1.6.11\variants\arduino_due_x/libsam_sam3x8e_gcc_rel.a(adc.o)
 .ARM.attributes
                0x000001e2       0x33 C:\Users\lucas.oldfield\AppData\Local\arduino15\packages\arduino\hardware\sam\1.6.11\variants\arduino_due_x/libsam_sam3x8e_gcc_rel.a(uotghs.o)
 .ARM.attributes
                0x00000215       0x33 C:\Users\lucas.oldfield\AppData\Local\Temp\VMBuilds\CAN_SendingTest\arduino_due_x_dbg\Release/core.a(cortex_handlers.c.o)
 .ARM.attributes